Component: ARM Compiler 5.06 update 6 (build 750) Tool: armlink [4d35ed]

==============================================================================

Section Cross References

    freertos_1.o(i.main) refers to system_stm32f10x.o(i.SystemInit) for SystemInit
    freertos_1.o(i.main) refers to system_stm32f10x.o(i.SystemCoreClockUpdate) for SystemCoreClockUpdate
    freertos_1.o(i.main) refers to noretval__2printf.o(.text) for __2printf
    freertos_1.o(i.main) refers to tasks.o(i.xTaskCreate) for xTaskCreate
    freertos_1.o(i.main) refers to tasks.o(i.vTaskStartScheduler) for vTaskStartScheduler
    freertos_1.o(i.main) refers to freertos_1.o(.data) for pvTask1
    freertos_1.o(i.main) refers to freertos_1.o(i.vTask1) for vTask1
    freertos_1.o(i.main) refers to freertos_1.o(i.vTask2) for vTask2
    freertos_1.o(i.vTask1) refers to _printf_percent.o(.ARM.Collect$$_printf_percent$$00000000) for _printf_percent
    freertos_1.o(i.vTask1) refers to _printf_s.o(.ARM.Collect$$_printf_percent$$00000014) for _printf_s
    freertos_1.o(i.vTask1) refers to _printf_str.o(.text) for _printf_str
    freertos_1.o(i.vTask1) refers to noretval__2printf.o(.text) for __2printf
    freertos_1.o(i.vTask1) refers to tasks.o(i.vTaskDelay) for vTaskDelay
    freertos_1.o(i.vTask2) refers to _printf_percent.o(.ARM.Collect$$_printf_percent$$00000000) for _printf_percent
    freertos_1.o(i.vTask2) refers to _printf_s.o(.ARM.Collect$$_printf_percent$$00000014) for _printf_s
    freertos_1.o(i.vTask2) refers to _printf_str.o(.text) for _printf_str
    freertos_1.o(i.vTask2) refers to noretval__2printf.o(.text) for __2printf
    freertos_1.o(i.vTask2) refers to tasks.o(i.vTaskDelay) for vTaskDelay
    freertos_1.o(.data) refers to freertos_1.o(.conststring) for .conststring
    clib_arm.o(i.__user_perthread_libspace) refers to clib_arm.o(i.os_kernel_is_active) for os_kernel_is_active
    clib_arm.o(i.__user_perthread_libspace) refers to tasks.o(i.xTaskGetCurrentTaskHandle) for xTaskGetCurrentTaskHandle
    clib_arm.o(i.__user_perthread_libspace) refers to clib_arm.o(.bss) for os_libspace
    clib_arm.o(i._mutex_acquire) refers to clib_arm.o(i.os_kernel_is_active) for os_kernel_is_active
    clib_arm.o(i._mutex_acquire) refers to clib_arm.o(i.is_thread_mode) for is_thread_mode
    clib_arm.o(i._mutex_acquire) refers to queue.o(i.xQueueSemaphoreTake) for xQueueSemaphoreTake
    clib_arm.o(i._mutex_free) refers to queue.o(i.vQueueDelete) for vQueueDelete
    clib_arm.o(i._mutex_free) refers to clib_arm.o(.bss) for clib_mutex_id
    clib_arm.o(i._mutex_initialize) refers to queue.o(i.xQueueCreateMutexStatic) for xQueueCreateMutexStatic
    clib_arm.o(i._mutex_initialize) refers to clib_arm.o(i.os_kernel_is_active) for os_kernel_is_active
    clib_arm.o(i._mutex_initialize) refers to queue.o(i.xQueueCreateMutex) for xQueueCreateMutex
    clib_arm.o(i._mutex_initialize) refers to clib_arm.o(.bss) for clib_mutex_id
    clib_arm.o(i._mutex_release) refers to clib_arm.o(i.os_kernel_is_active) for os_kernel_is_active
    clib_arm.o(i._mutex_release) refers to clib_arm.o(i.is_thread_mode) for is_thread_mode
    clib_arm.o(i._mutex_release) refers to queue.o(i.xQueueGenericSend) for xQueueGenericSend
    clib_arm.o(i._platform_post_stackheap_init) refers to freertos_evr.o(i.EvrFreeRTOSSetup) for EvrFreeRTOSSetup
    clib_arm.o(i.os_kernel_is_active) refers to tasks.o(i.xTaskGetSchedulerState) for xTaskGetSchedulerState
    cmsis_os2.o(i.IRQ_Context) refers to tasks.o(i.xTaskGetSchedulerState) for xTaskGetSchedulerState
    cmsis_os2.o(i.SysTick_Handler) refers to tasks.o(i.xTaskGetSchedulerState) for xTaskGetSchedulerState
    cmsis_os2.o(i.SysTick_Handler) refers to port.o(i.xPortSysTickHandler) for xPortSysTickHandler
    cmsis_os2.o(i.TimerCallback) refers to timers.o(i.pvTimerGetTimerID) for pvTimerGetTimerID
    cmsis_os2.o(i.osDelay) refers to cmsis_os2.o(i.IRQ_Context) for IRQ_Context
    cmsis_os2.o(i.osDelay) refers to tasks.o(i.vTaskDelay) for vTaskDelay
    cmsis_os2.o(i.osDelayUntil) refers to cmsis_os2.o(i.IRQ_Context) for IRQ_Context
    cmsis_os2.o(i.osDelayUntil) refers to tasks.o(i.xTaskGetTickCount) for xTaskGetTickCount
    cmsis_os2.o(i.osDelayUntil) refers to tasks.o(i.xTaskDelayUntil) for xTaskDelayUntil
    cmsis_os2.o(i.osEventFlagsClear) refers to cmsis_os2.o(i.IRQ_Context) for IRQ_Context
    cmsis_os2.o(i.osEventFlagsClear) refers to event_groups.o(i.xEventGroupGetBitsFromISR) for xEventGroupGetBitsFromISR
    cmsis_os2.o(i.osEventFlagsClear) refers to event_groups.o(i.xEventGroupClearBitsFromISR) for xEventGroupClearBitsFromISR
    cmsis_os2.o(i.osEventFlagsClear) refers to event_groups.o(i.xEventGroupClearBits) for xEventGroupClearBits
    cmsis_os2.o(i.osEventFlagsDelete) refers to cmsis_os2.o(i.IRQ_Context) for IRQ_Context
    cmsis_os2.o(i.osEventFlagsDelete) refers to event_groups.o(i.vEventGroupDelete) for vEventGroupDelete
[...]
    prvGetNextExpireTime                     0x08002159   Thumb Code    36  timers.o(i.prvGetNextExpireTime)
    i.prvHeapInit                            0x08002180   Section        0  heap_4.o(i.prvHeapInit)
    prvHeapInit                              0x08002181   Thumb Code    90  heap_4.o(i.prvHeapInit)
    i.prvIdleTask                            0x080021f0   Section        0  tasks.o(i.prvIdleTask)
    prvIdleTask                              0x080021f1   Thumb Code    32  tasks.o(i.prvIdleTask)
    i.prvInitialiseMutex                     0x08002218   Section        0  queue.o(i.prvInitialiseMutex)
    prvInitialiseMutex                       0x08002219   Thumb Code    42  queue.o(i.prvInitialiseMutex)
    i.prvInitialiseNewQueue                  0x08002242   Section        0  queue.o(i.prvInitialiseNewQueue)
    prvInitialiseNewQueue                    0x08002243   Thumb Code    48  queue.o(i.prvInitialiseNewQueue)
    i.prvInitialiseNewTask                   0x08002272   Section        0  tasks.o(i.prvInitialiseNewTask)
    prvInitialiseNewTask                     0x08002273   Thumb Code   134  tasks.o(i.prvInitialiseNewTask)
    i.prvInitialiseTaskLists                 0x080022f8   Section        0  tasks.o(i.prvInitialiseTaskLists)
    prvInitialiseTaskLists                   0x080022f9   Thumb Code    70  tasks.o(i.prvInitialiseTaskLists)
    i.prvInsertBlockIntoFreeList             0x08002360   Section        0  heap_4.o(i.prvInsertBlockIntoFreeList)
    prvInsertBlockIntoFreeList               0x08002361   Thumb Code    96  heap_4.o(i.prvInsertBlockIntoFreeList)
    i.prvInsertTimerInActiveList             0x080023c8   Section        0  timers.o(i.prvInsertTimerInActiveList)
    prvInsertTimerInActiveList               0x080023c9   Thumb Code    80  timers.o(i.prvInsertTimerInActiveList)
    i.prvIsQueueEmpty                        0x08002420   Section        0  queue.o(i.prvIsQueueEmpty)
    prvIsQueueEmpty                          0x08002421   Thumb Code    26  queue.o(i.prvIsQueueEmpty)
    i.prvIsQueueFull                         0x0800243a   Section        0  queue.o(i.prvIsQueueFull)
    prvIsQueueFull                           0x0800243b   Thumb Code    30  queue.o(i.prvIsQueueFull)
    i.prvProcessExpiredTimer                 0x08002458   Section        0  timers.o(i.prvProcessExpiredTimer)
    prvProcessExpiredTimer                   0x08002459   Thumb Code    68  timers.o(i.prvProcessExpiredTimer)
    i.prvProcessReceivedCommands             0x080024a0   Section        0  timers.o(i.prvProcessReceivedCommands)
    prvProcessReceivedCommands               0x080024a1   Thumb Code   284  timers.o(i.prvProcessReceivedCommands)
    i.prvProcessTimerOrBlockTask             0x080025c0   Section        0  timers.o(i.prvProcessTimerOrBlockTask)
    prvProcessTimerOrBlockTask               0x080025c1   Thumb Code   102  timers.o(i.prvProcessTimerOrBlockTask)
    i.prvReloadTimer                         0x08002634   Section        0  timers.o(i.prvReloadTimer)
    prvReloadTimer                           0x08002635   Thumb Code    46  timers.o(i.prvReloadTimer)
    i.prvResetNextTaskUnblockTime            0x08002664   Section        0  tasks.o(i.prvResetNextTaskUnblockTime)
    prvResetNextTaskUnblockTime              0x08002665   Thumb Code    40  tasks.o(i.prvResetNextTaskUnblockTime)
    i.prvSampleTimeNow                       0x08002694   Section        0  timers.o(i.prvSampleTimeNow)
    prvSampleTimeNow                         0x08002695   Thumb Code    40  timers.o(i.prvSampleTimeNow)
    i.prvSwitchTimerLists                    0x080026c0   Section        0  timers.o(i.prvSwitchTimerLists)
    prvSwitchTimerLists                      0x080026c1   Thumb Code    58  timers.o(i.prvSwitchTimerLists)
    i.prvTaskExitError                       0x08002704   Section        0  port.o(i.prvTaskExitError)
    prvTaskExitError                         0x08002705   Thumb Code    22  port.o(i.prvTaskExitError)
    i.prvTimerTask                           0x0800271a   Section        0  timers.o(i.prvTimerTask)
    prvTimerTask                             0x0800271b   Thumb Code    26  timers.o(i.prvTimerTask)
    i.prvUnlockQueue                         0x08002734   Section        0  queue.o(i.prvUnlockQueue)
    prvUnlockQueue                           0x08002735   Thumb Code   126  queue.o(i.prvUnlockQueue)
    i.pvPortMalloc                           0x080027b4   Section        0  heap_4.o(i.pvPortMalloc)
    i.pvTaskIncrementMutexHeldCount          0x080028a0   Section        0  tasks.o(i.pvTaskIncrementMutexHeldCount)
    i.pxPortInitialiseStack                  0x080028c0   Section        0  port.o(i.pxPortInitialiseStack)
    i.stdout_putchar                         0x080028e4   Section        0  retarget_io.o(i.stdout_putchar)
    stdout_putchar                           0x080028e5   Thumb Code    12  retarget_io.o(i.stdout_putchar)
    i.uxListRemove                           0x080028f0   Section        0  list.o(i.uxListRemove)
    i.vApplicationGetIdleTaskMemory          0x08002918   Section        0  cmsis_os2.o(i.vApplicationGetIdleTaskMemory)
    i.vApplicationGetTimerTaskMemory         0x08002930   Section        0  cmsis_os2.o(i.vApplicationGetTimerTaskMemory)
    i.vApplicationStackOverflowHook          0x08002948   Section        0  cmsis_os2.o(i.vApplicationStackOverflowHook)
    i.vListInitialise                        0x0800294a   Section        0  list.o(i.vListInitialise)
    i.vListInitialiseItem                    0x08002964   Section        0  list.o(i.vListInitialiseItem)
    i.vListInsert                            0x0800296a   Section        0  list.o(i.vListInsert)
    i.vPortEnterCritical                     0x080029a0   Section        0  port.o(i.vPortEnterCritical)
    i.vPortExitCritical                      0x080029c4   Section        0  port.o(i.vPortExitCritical)
    i.vPortFree                              0x080029e4   Section        0  heap_4.o(i.vPortFree)
    i.vPortSetupTimerInterrupt               0x08002a38   Section        0  port.o(i.vPortSetupTimerInterrupt)
    i.vQueueDelete                           0x08002a60   Section        0  queue.o(i.vQueueDelete)
    i.vQueueWaitForMessageRestricted         0x08002a7a   Section        0  queue.o(i.vQueueWaitForMessageRestricted)
    i.vTask1                                 0x08002ac4   Section        0  freertos_1.o(i.vTask1)
    i.vTask2                                 0x08002af0   Section        0  freertos_1.o(i.vTask2)
    i.vTaskDelay                             0x08002b10   Section        0  tasks.o(i.vTaskDelay)
    i.vTaskInternalSetTimeOutState           0x08002b48   Section        0  tasks.o(i.vTaskInternalSetTimeOutState)
    i.vTaskMissedYield                       0x08002b60   Section        0  tasks.o(i.vTaskMissedYield)
    i.vTaskPlaceOnEventList                  0x08002b6c   Section        0  tasks.o(i.vTaskPlaceOnEventList)
    i.vTaskPlaceOnEventListRestricted        0x08002b8c   Section        0  tasks.o(i.vTaskPlaceOnEventListRestricted)
    i.vTaskPriorityDisinheritAfterTimeout    0x08002be4   Section        0  tasks.o(i.vTaskPriorityDisinheritAfterTimeout)
    i.vTaskStartScheduler                    0x08002cb4   Section        0  tasks.o(i.vTaskStartScheduler)
    i.vTaskSuspendAll                        0x08002d64   Section        0  tasks.o(i.vTaskSuspendAll)
    i.vTaskSwitchContext                     0x08002d74   Section        0  tasks.o(i.vTaskSwitchContext)
    i.xPortStartScheduler                    0x08002e34   Section        0  port.o(i.xPortStartScheduler)
    i.xPortSysTickHandler                    0x08002e68   Section        0  port.o(i.xPortSysTickHandler)
    i.xQueueCreateMutex                      0x08002e9c   Section        0  queue.o(i.xQueueCreateMutex)
    i.xQueueCreateMutexStatic                0x08002ebe   Section        0  queue.o(i.xQueueCreateMutexStatic)
    i.xQueueGenericCreate                    0x08002ee8   Section        0  queue.o(i.xQueueGenericCreate)
    i.xQueueGenericCreateStatic              0x08002f42   Section        0  queue.o(i.xQueueGenericCreateStatic)
    i.xQueueGenericReset                     0x08002f80   Section        0  queue.o(i.xQueueGenericReset)
    i.xQueueGenericSend                      0x08003020   Section        0  queue.o(i.xQueueGenericSend)
    i.xQueueReceive                          0x08003150   Section        0  queue.o(i.xQueueReceive)
    i.xQueueSemaphoreTake                    0x0800326c   Section        0  queue.o(i.xQueueSemaphoreTake)
    i.xTaskCheckForTimeOut                   0x080033b4   Section        0  tasks.o(i.xTaskCheckForTimeOut)
    i.xTaskCreate                            0x08003414   Section        0  tasks.o(i.xTaskCreate)
    i.xTaskCreateStatic                      0x08003480   Section        0  tasks.o(i.xTaskCreateStatic)
    i.xTaskGetCurrentTaskHandle              0x080034d8   Section        0  tasks.o(i.xTaskGetCurrentTaskHandle)
    i.xTaskGetSchedulerState                 0x080034e4   Section        0  tasks.o(i.xTaskGetSchedulerState)
    i.xTaskGetTickCount                      0x08003504   Section        0  tasks.o(i.xTaskGetTickCount)
    i.xTaskIncrementTick                     0x08003510   Section        0  tasks.o(i.xTaskIncrementTick)
    i.xTaskPriorityDisinherit                0x080036b4   Section        0  tasks.o(i.xTaskPriorityDisinherit)
    i.xTaskPriorityInherit                   0x0800375c   Section        0  tasks.o(i.xTaskPriorityInherit)
    i.xTaskRemoveFromEventList               0x0800384c   Section        0  tasks.o(i.xTaskRemoveFromEventList)
    i.xTaskResumeAll                         0x08003960   Section        0  tasks.o(i.xTaskResumeAll)
    i.xTimerCreateTimerTask                  0x08003ac4   Section        0  timers.o(i.xTimerCreateTimerTask)
    .constdata                               0x08003b24   Section       24  eventrecorder.o(.constdata)
    __tagsym$$used                           0x08003b24   Number         0  eventrecorder.o(.constdata)
    .constdata                               0x08003b3c   Section       23  retarget_io.o(.constdata)
    .conststring                             0x08003b54   Section       38  freertos_1.o(.conststring)
    .data                                    0x20000000   Section        8  freertos_1.o(.data)
    .data                                    0x20000008   Section        1  eventrecorder.o(.data)
    TS_OverflowLock                          0x20000008   Data           1  eventrecorder.o(.data)
    .data                                    0x2000000c   Section       20  system_stm32f10x.o(.data)
    .data                                    0x20000020   Section        1  freertos_evr.o(.data)
    init                                     0x20000020   Data           1  freertos_evr.o(.data)
    .data                                    0x20000024   Section       28  heap_4.o(.data)
    xStart                                   0x20000024   Data           8  heap_4.o(.data)
    pxEnd                                    0x2000002c   Data           4  heap_4.o(.data)
    xFreeBytesRemaining                      0x20000030   Data           4  heap_4.o(.data)
    xMinimumEverFreeBytesRemaining           0x20000034   Data           4  heap_4.o(.data)
    xNumberOfSuccessfulAllocations           0x20000038   Data           4  heap_4.o(.data)
    xNumberOfSuccessfulFrees                 0x2000003c   Data           4  heap_4.o(.data)
    .data                                    0x20000040   Section        4  port.o(.data)
    uxCriticalNesting                        0x20000040   Data           4  port.o(.data)
    .data                                    0x20000044   Section       64  tasks.o(.data)
    pxDelayedTaskList                        0x20000048   Data           4  tasks.o(.data)
    pxOverflowDelayedTaskList                0x2000004c   Data           4  tasks.o(.data)
    uxDeletedTasksWaitingCleanUp             0x20000050   Data           4  tasks.o(.data)
    uxCurrentNumberOfTasks                   0x20000054   Data           4  tasks.o(.data)
    xTickCount                               0x20000058   Data           4  tasks.o(.data)
    uxTopReadyPriority                       0x2000005c   Data           4  tasks.o(.data)
    xSchedulerRunning                        0x20000060   Data           4  tasks.o(.data)
    xPendedTicks                             0x20000064   Data           4  tasks.o(.data)
    xYieldPending                            0x20000068   Data           4  tasks.o(.data)
    xNumOfOverflows                          0x2000006c   Data           4  tasks.o(.data)
    uxTaskNumber                             0x20000070   Data           4  tasks.o(.data)
    xNextTaskUnblockTime                     0x20000074   Data           4  tasks.o(.data)
    xIdleTaskHandle                          0x20000078   Data           4  tasks.o(.data)
    uxSchedulerSuspended                     0x20000080   Data           4  tasks.o(.data)
    .data                                    0x20000084   Section       20  timers.o(.data)
    pxCurrentTimerList                       0x20000084   Data           4  timers.o(.data)
    pxOverflowTimerList                      0x20000088   Data           4  timers.o(.data)
    xTimerQueue                              0x2000008c   Data           4  timers.o(.data)
    xTimerTaskHandle                         0x20000090   Data           4  timers.o(.data)
    xLastTime                                0x20000094   Data           4  timers.o(.data)
    .data                                    0x20000098   Section        4  stdio_streams.o(.data)
    .data                                    0x2000009c   Section        4  stdio_streams.o(.data)
    .data                                    0x200000a0   Section        4  stdio_streams.o(.data)
    .data                                    0x200000a4   Section        4  streamlock.o(.data)
    .bss                                     0x200000a8   Section      916  clib_arm.o(.bss)
    os_libspace                              0x200000a8   Data         480  clib_arm.o(.bss)
    os_libspace_id                           0x20000288   Data          16  clib_arm.o(.bss)
    clib_mutex_cb                            0x20000298   Data         400  clib_arm.o(.bss)
    clib_mutex_id                            0x20000428   Data          20  clib_arm.o(.bss)
    .bss                                     0x2000043c   Section     1016  cmsis_os2.o(.bss)
    Idle_TCB                                 0x2000043c   Data          92  cmsis_os2.o(.bss)
    Idle_Stack                               0x20000498   Data         512  cmsis_os2.o(.bss)
    Timer_TCB                                0x20000698   Data          92  cmsis_os2.o(.bss)
    Timer_Stack                              0x200006f4   Data         320  cmsis_os2.o(.bss)
    .bss                                     0x20000834   Section     8192  heap_4.o(.bss)
    ucHeap                                   0x20000834   Data        8192  heap_4.o(.bss)
    .bss                                     0x20002834   Section     1220  tasks.o(.bss)
    pxReadyTasksLists                        0x20002834   Data        1120  tasks.o(.bss)
    xDelayedTaskList1                        0x20002c94   Data          20  tasks.o(.bss)
    xDelayedTaskList2                        0x20002ca8   Data          20  tasks.o(.bss)
    xPendingReadyList                        0x20002cbc   Data          20  tasks.o(.bss)
    xTasksWaitingTermination                 0x20002cd0   Data          20  tasks.o(.bss)
    xSuspendedTaskList                       0x20002ce4   Data          20  tasks.o(.bss)
    .bss                                     0x20002cf8   Section      200  timers.o(.bss)
    xActiveTimerList1                        0x20002cf8   Data          20  timers.o(.bss)
    xActiveTimerList2                        0x20002d0c   Data          20  timers.o(.bss)
    xStaticTimerQueue                        0x20002d20   Data          80  timers.o(.bss)
    ucStaticTimerQueueStorage                0x20002d70   Data          80  timers.o(.bss)
    .bss                                     0x20002dc0   Section       84  stdio_streams.o(.bss)
    .bss                                     0x20002e14   Section       84  stdio_streams.o(.bss)
    .bss                                     0x20002e68   Section       84  stdio_streams.o(.bss)
    .bss                                     0x20002ebc   Section       96  libspace.o(.bss)
    .bss.noinit                              0x20002f40   Section     1188  eventrecorder.o(.bss.noinit)
    EventBuffer                              0x20002f40   Data        1024  eventrecorder.o(.bss.noinit)
    EventFilter                              0x20003340   Data         128  eventrecorder.o(.bss.noinit)
    EventStatus                              0x200033c0   Data          36  eventrecorder.o(.bss.noinit)
    HEAP                                     0x200033e8   Section      512  startup_stm32f10x_md.o(HEAP)
    Heap_Mem                                 0x200033e8   Data         512  startup_stm32f10x_md.o(HEAP)
    STACK                                    0x200035e8   Section     1024  startup_stm32f10x_md.o(STACK)
    Stack_Mem                                0x200035e8   Data        1024  startup_stm32f10x_md.o(STACK)
    __initial_sp                             0x200039e8   Data           0  startup_stm32f10x_md.o(STACK)

    Global Symbols

    Symbol Name                              Value     Ov Type        Size  Object(Section)

    BuildAttributes$$THM_ISAv4$P$D$K$B$S$PE$A:L22UL41UL21$X:L11$S22US41US21$IEEE1$IW$USESV6$~STKCKD$USESV7$~SHL$OTIME$ROPI$EBA8$UX$STANDARDLIB$REQ8$PRES8$EABIv2 0x00000000   Number         0  anon$$obj.o ABSOLUTE
    __ARM_use_no_argv                        0x00000000   Number         0  freertos_1.o ABSOLUTE
    __ARM_exceptions_init                     - Undefined Weak Reference
    __alloca_initialize                       - Undefined Weak Reference
    __arm_preinit_                            - Undefined Weak Reference
    __cpp_initialize__aeabi_                  - Undefined Weak Reference
    __cxa_finalize                            - Undefined Weak Reference
    __rt_locale                               - Undefined Weak Reference
    __sigvec_lookup                           - Undefined Weak Reference
    __user_heap_extent                        - Undefined Weak Reference
    _atexit_init                              - Undefined Weak Reference
    _call_atexit_fns                          - Undefined Weak Reference
    _clock_init                               - Undefined Weak Reference
    _fp_trap_init                             - Undefined Weak Reference
    _fp_trap_shutdown                         - Undefined Weak Reference
    _get_lc_collate                           - Undefined Weak Reference
    _get_lc_ctype                             - Undefined Weak Reference
    _get_lc_monetary                          - Undefined Weak Reference
    _get_lc_numeric                           - Undefined Weak Reference
    _get_lc_time                              - Undefined Weak Reference
    _getenv_init                              - Undefined Weak Reference
    _handle_redirection                       - Undefined Weak Reference
    _printf_mbtowc                            - Undefined Weak Reference
    _printf_post_padding                      - Undefined Weak Reference
    _printf_pre_padding                       - Undefined Weak Reference
    _rand_init                                - Undefined Weak Reference
    _signal_finish                            - Undefined Weak Reference
    _signal_init                              - Undefined Weak Reference
    __Vectors_Size                           0x000000ec   Number         0  startup_stm32f10x_md.o ABSOLUTE
    __Vectors                                0x08000000   Data           4  startup_stm32f10x_md.o(RESET)
    __Vectors_End                            0x080000ec   Data           0  startup_stm32f10x_md.o(RESET)
    __main                                   0x080000ed   Thumb Code     8  __main.o(!!!main)
    __scatterload                            0x080000f5   Thumb Code     0  __scatter.o(!!!scatter)
    __scatterload_rt2                        0x080000f5   Thumb Code    44  __scatter.o(!!!scatter)
    __scatterload_rt2_thumb_only             0x080000f5   Thumb Code     0  __scatter.o(!!!scatter)
    __scatterload_null                       0x08000103   Thumb Code     0  __scatter.o(!!!scatter)
    __scatterload_copy                       0x08000129   Thumb Code    26  __scatter_copy.o(!!handler_copy)
    __scatterload_zeroinit                   0x08000145   Thumb Code    28  __scatter_zi.o(!!handler_zi)
    _printf_percent                          0x08000161   Thumb Code     0  _printf_percent.o(.ARM.Collect$$_printf_percent$$00000000)
    _printf_s                                0x08000161   Thumb Code     0  _printf_s.o(.ARM.Collect$$_printf_percent$$00000014)
    _printf_percent_end                      0x08000167   Thumb Code     0  _printf_percent_end.o(.ARM.Collect$$_printf_percent$$00000017)
    __rt_lib_init                            0x0800016b   Thumb Code     0  libinit.o(.ARM.Collect$$libinit$$00000000)
    __rt_lib_init_fp_1                       0x0800016d   Thumb Code     0  libinit2.o(.ARM.Collect$$libinit$$00000002)
    __rt_lib_init_heap_2                     0x0800016d   Thumb Code     0  libinit2.o(.ARM.Collect$$libinit$$00000005)
    __rt_lib_init_preinit_1                  0x0800016d   Thumb Code     0  libinit2.o(.ARM.Collect$$libinit$$00000004)
    __rt_lib_init_atexit_1                   0x08000175   Thumb Code     0  libinit2.o(.ARM.Collect$$libinit$$0000001B)
    __rt_lib_init_clock_1                    0x08000175   Thumb Code     0  libinit2.o(.ARM.Collect$$libinit$$00000021)
    __rt_lib_init_fp_trap_1                  0x08000175   Thumb Code     0  libinit2.o(.ARM.Collect$$libinit$$0000001F)
    __rt_lib_init_getenv_1                   0x08000175   Thumb Code     0  libinit2.o(.ARM.Collect$$libinit$$00000023)
    __rt_lib_init_heap_1                     0x08000175   Thumb Code     0  libinit2.o(.ARM.Collect$$libinit$$0000000A)
    __rt_lib_init_lc_collate_1               0x08000175   Thumb Code     0  libinit2.o(.ARM.Collect$$libinit$$00000011)
    __rt_lib_init_lc_ctype_1                 0x08000175   Thumb Code     0  libinit2.o(.ARM.Collect$$libinit$$00000013)
    __rt_lib_init_lc_monetary_1              0x08000175   Thumb Code     0  libinit2.o(.ARM.Collect$$libinit$$00000015)
    __rt_lib_init_lc_numeric_1               0x08000175   Thumb Code     0  libinit2.o(.ARM.Collect$$libinit$$00000017)
    __rt_lib_init_lc_time_1                  0x08000175   Thumb Code     0  libinit2.o(.ARM.Collect$$libinit$$00000019)
    __rt_lib_init_rand_1                     0x08000175   Thumb Code     0  libinit2.o(.ARM.Collect$$libinit$$0000000E)
    __rt_lib_init_signal_1                   0x08000175   Thumb Code     0  libinit2.o(.ARM.Collect$$libinit$$0000001D)
    __rt_lib_init_stdio_2                    0x08000175   Thumb Code     0  libinit2.o(.ARM.Collect$$libinit$$00000024)
    __rt_lib_init_user_alloc_1               0x08000175   Thumb Code     0  libinit2.o(.ARM.Collect$$libinit$$0000000C)
    __rt_lib_init_alloca_1                   0x08000179   Thumb Code     0  libinit2.o(.ARM.Collect$$libinit$$0000002E)
    __rt_lib_init_argv_1                     0x08000179   Thumb Code     0  libinit2.o(.ARM.Collect$$libinit$$0000002C)
    __rt_lib_init_cpp_1                      0x08000179   Thumb Code     0  libinit2.o(.ARM.Collect$$libinit$$00000032)
    __rt_lib_init_exceptions_1               0x08000179   Thumb Code     0  libinit2.o(.ARM.Collect$$libinit$$00000030)
    __rt_lib_init_return                     0x08000179   Thumb Code     0  libinit2.o(.ARM.Collect$$libinit$$00000033)
    __rt_lib_init_stdio_1                    0x08000179   Thumb Code     0  libinit2.o(.ARM.Collect$$libinit$$00000025)
    __rt_lib_shutdown                        0x0800017b   Thumb Code     0  libshutdown.o(.ARM.Collect$$libshutdown$$00000000)
    __rt_lib_shutdown_cpp_1                  0x0800017d   Thumb Code     0  libshutdown2.o(.ARM.Collect$$libshutdown$$00000002)
    __rt_lib_shutdown_stdio_2                0x0800017d   Thumb Code     0  libshutdown2.o(.ARM.Collect$$libshutdown$$00000003)
    __rt_lib_shutdown_fp_trap_1              0x08000181   Thumb Code     0  libshutdown2.o(.ARM.Collect$$libshutdown$$00000007)
    __rt_lib_shutdown_heap_2                 0x08000181   Thumb Code     0  libshutdown2.o(.ARM.Collect$$libshutdown$$0000000D)
    __rt_lib_shutdown_signal_1               0x08000181   Thumb Code     0  libshutdown2.o(.ARM.Collect$$libshutdown$$0000000A)
    __rt_lib_shutdown_stdio_1                0x08000181   Thumb Code     0  libshutdown2.o(.ARM.Collect$$libshutdown$$00000004)
    __rt_lib_shutdown_user_alloc_1           0x08000181   Thumb Code     0  libshutdown2.o(.ARM.Collect$$libshutdown$$0000000C)
    __rt_lib_shutdown_heap_1                 0x08000185   Thumb Code     0  libshutdown2.o(.ARM.Collect$$libshutdown$$0000000F)
    __rt_lib_shutdown_return                 0x08000185   Thumb Code     0  libshutdown2.o(.ARM.Collect$$libshutdown$$00000010)
    __rt_entry                               0x08000187   Thumb Code     0  __rtentry.o(.ARM.Collect$$rtentry$$00000000)
    __rt_entry_presh_1                       0x08000187   Thumb Code     0  __rtentry2.o(.ARM.Collect$$rtentry$$00000002)
    __rt_entry_sh                            0x08000187   Thumb Code     0  __rtentry4.o(.ARM.Collect$$rtentry$$00000004)
    __rt_entry_postsh_1                      0x0800018d   Thumb Code     0  __rtentry2.o(.ARM.Collect$$rtentry$$00000008)
    __rt_entry_li                            0x08000195   Thumb Code     0  __rtentry2.o(.ARM.Collect$$rtentry$$0000000A)
    __rt_entry_main                          0x08000199   Thumb Code     0  __rtentry2.o(.ARM.Collect$$rtentry$$0000000D)
    __rt_entry_postli_1                      0x08000199   Thumb Code     0  __rtentry2.o(.ARM.Collect$$rtentry$$0000000C)
    __rt_exit                                0x080001a1   Thumb Code     0  rtexit.o(.ARM.Collect$$rtexit$$00000000)
    __rt_exit_ls                             0x080001a3   Thumb Code     0  rtexit2.o(.ARM.Collect$$rtexit$$00000003)
    __rt_exit_prels_1                        0x080001a3   Thumb Code     0  rtexit2.o(.ARM.Collect$$rtexit$$00000002)
    __rt_exit_exit                           0x080001a7   Thumb Code     0  rtexit2.o(.ARM.Collect$$rtexit$$00000004)
    __asm___15_EventRecorder_c_e8d3082c__atomic_inc8 0x080001ad   Thumb Code    18  eventrecorder.o(.emb_text)
    __asm___15_EventRecorder_c_e8d3082c__atomic_inc32 0x080001bf   Thumb Code    18  eventrecorder.o(.emb_text)
    __asm___15_EventRecorder_c_e8d3082c__atomic_wr8 0x080001d1   Thumb Code    16  eventrecorder.o(.emb_text)
    __asm___15_EventRecorder_c_e8d3082c__atomic_wr32 0x080001e1   Thumb Code    16  eventrecorder.o(.emb_text)
    __asm___15_EventRecorder_c_e8d3082c__LockRecord 0x080001f1   Thumb Code    34  eventrecorder.o(.emb_text)
    __asm___15_EventRecorder_c_e8d3082c__UnlockRecord 0x08000213   Thumb Code    30  eventrecorder.o(.emb_text)
    SVC_Handler                              0x08000231   Thumb Code    32  port.o(.emb_text)
    __asm___6_port_c_39a90d8d__prvStartFirstTask 0x08000255   Thumb Code    28  port.o(.emb_text)
    PendSV_Handler                           0x08000275   Thumb Code    72  port.o(.emb_text)
    vPortGetIPSR                             0x080002c1   Thumb Code     6  port.o(.emb_text)
    Reset_Handler                            0x080002c9   Thumb Code     8  startup_stm32f10x_md.o(.text)
    _maybe_terminate_alloc                   0x080002c9   Thumb Code     0  maybetermalloc2.o(.emb_text)
    NMI_Handler                              0x080002d1   Thumb Code     2  startup_stm32f10x_md.o(.text)
    HardFault_Handler                        0x080002d3   Thumb Code     2  startup_stm32f10x_md.o(.text)
    MemManage_Handler                        0x080002d5   Thumb Code     2  startup_stm32f10x_md.o(.text)
    BusFault_Handler                         0x080002d7   Thumb Code     2  startup_stm32f10x_md.o(.text)
    UsageFault_Handler                       0x080002d9   Thumb Code     2  startup_stm32f10x_md.o(.text)
    DebugMon_Handler                         0x080002dd   Thumb Code     2  startup_stm32f10x_md.o(.text)
    ADC1_2_IRQHandler                        0x080002e3   Thumb Code     0  startup_stm32f10x_md.o(.text)
    CAN1_RX1_IRQHandler                      0x080002e3   Thumb Code     0  startup_stm32f10x_md.o(.text)
    CAN1_SCE_IRQHandler                      0x080002e3   Thumb Code     0  startup_stm32f10x_md.o(.text)
    DMA1_Channel1_IRQHandler                 0x080002e3   Thumb Code     0  startup_stm32f10x_md.o(.text)
    DMA1_Channel2_IRQHandler                 0x080002e3   Thumb Code     0  startup_stm32f10x_md.o(.text)
    DMA1_Channel3_IRQHandler                 0x080002e3   Thumb Code     0  startup_stm32f10x_md.o(.text)
    DMA1_Channel4_IRQHandler                 0x080002e3   Thumb Code     0  startup_stm32f10x_md.o(.text)
    DMA1_Channel5_IRQHandler                 0x080002e3   Thumb Code     0  startup_stm32f10x_md.o(.text)
    DMA1_Channel6_IRQHandler                 0x080002e3   Thumb Code     0  startup_stm32f10x_md.o(.text)
    DMA1_Channel7_IRQHandler                 0x080002e3   Thumb Code     0  startup_stm32f10x_md.o(.text)
    EXTI0_IRQHandler                         0x080002e3   Thumb Code     0  startup_stm32f10x_md.o(.text)
    EXTI15_10_IRQHandler                     0x080002e3   Thumb Code     0  startup_stm32f10x_md.o(.text)
    EXTI1_IRQHandler                         0x080002e3   Thumb Code     0  startup_stm32f10x_md.o(.text)
    EXTI2_IRQHandler                         0x080002e3   Thumb Code     0  startup_stm32f10x_md.o(.text)
    EXTI3_IRQHandler                         0x080002e3   Thumb Code     0  startup_stm32f10x_md.o(.text)
    EXTI4_IRQHandler                         0x080002e3   Thumb Code     0  startup_stm32f10x_md.o(.text)
    EXTI9_5_IRQHandler                       0x080002e3   Thumb Code     0  startup_stm32f10x_md.o(.text)
    FLASH_IRQHandler                         0x080002e3   Thumb Code     0  startup_stm32f10x_md.o(.text)
    I2C1_ER_IRQHandler                       0x080002e3   Thumb Code     0  startup_stm32f10x_md.o(.text)
    I2C1_EV_IRQHandler                       0x080002e3   Thumb Code     0  startup_stm32f10x_md.o(.text)
    I2C2_ER_IRQHandler                       0x080002e3   Thumb Code     0  startup_stm32f10x_md.o(.text)
    I2C2_EV_IRQHandler                       0x080002e3   Thumb Code     0  startup_stm32f10x_md.o(.text)
    PVD_IRQHandler                           0x080002e3   Thumb Code     0  startup_stm32f10x_md.o(.text)
    RCC_IRQHandler                           0x080002e3   Thumb Code     0  startup_stm32f10x_md.o(.text)
    RTCAlarm_IRQHandler                      0x080002e3   Thumb Code     0  startup_stm32f10x_md.o(.text)
    RTC_IRQHandler                           0x080002e3   Thumb Code     0  startup_stm32f10x_md.o(.text)
    SPI1_IRQHandler                          0x080002e3   Thumb Code     0  startup_stm32f10x_md.o(.text)
    SPI2_IRQHandler                          0x080002e3   Thumb Code     0  startup_stm32f10x_md.o(.text)
    TAMPER_IRQHandler                        0x080002e3   Thumb Code     0  startup_stm32f10x_md.o(.text)
    TIM1_BRK_IRQHandler                      0x080002e3   Thumb Code     0  startup_stm32f10x_md.o(.text)
    TIM1_CC_IRQHandler                       0x080002e3   Thumb Code     0  startup_stm32f10x_md.o(.text)
    TIM1_TRG_COM_IRQHandler                  0x080002e3   Thumb Code     0  startup_stm32f10x_md.o(.text)
    TIM1_UP_IRQHandler                       0x080002e3   Thumb Code     0  startup_stm32f10x_md.o(.text)
    TIM2_IRQHandler                          0x080002e3   Thumb Code     0  startup_stm32f10x_md.o(.text)
    TIM3_IRQHandler                          0x080002e3   Thumb Code     0  startup_stm32f10x_md.o(.text)
    TIM4_IRQHandler                          0x080002e3   Thumb Code     0  startup_stm32f10x_md.o(.text)
    USART1_IRQHandler                        0x080002e3   Thumb Code     0  startup_stm32f10x_md.o(.text)
    USART2_IRQHandler                        0x080002e3   Thumb Code     0  startup_stm32f10x_md.o(.text)
    USART3_IRQHandler                        0x080002e3   Thumb Code     0  startup_stm32f10x_md.o(.text)
    USBWakeUp_IRQHandler                     0x080002e3   Thumb Code     0  startup_stm32f10x_md.o(.text)
    USB_HP_CAN1_TX_IRQHandler                0x080002e3   Thumb Code     0  startup_stm32f10x_md.o(.text)
    USB_LP_CAN1_RX0_IRQHandler               0x080002e3   Thumb Code     0  startup_stm32f10x_md.o(.text)
    WWDG_IRQHandler                          0x080002e3   Thumb Code     0  startup_stm32f10x_md.o(.text)
    __user_initial_stackheap                 0x080002e5   Thumb Code     0  startup_stm32f10x_md.o(.text)
    __2printf                                0x08000309   Thumb Code    20  noretval__2printf.o(.text)
    __printf                                 0x08000321   Thumb Code   104  __printf.o(.text)
    _printf_str                              0x08000389   Thumb Code    82  _printf_str.o(.text)
    __aeabi_memcpy                           0x080003db   Thumb Code     0  rt_memcpy_v6.o(.text)
    __rt_memcpy                              0x080003db   Thumb Code   138  rt_memcpy_v6.o(.text)
    _memcpy_lastbytes                        0x08000441   Thumb Code     0  rt_memcpy_v6.o(.text)
    __aeabi_memset                           0x08000465   Thumb Code    16  aeabi_memset.o(.text)
    __aeabi_memclr                           0x08000475   Thumb Code     0  rt_memclr.o(.text)
    __rt_memclr                              0x08000475   Thumb Code    68  rt_memclr.o(.text)
    _memset                                  0x08000479   Thumb Code     0  rt_memclr.o(.text)
    __aeabi_memclr4                          0x080004b9   Thumb Code     0  rt_memclr_w.o(.text)
    __aeabi_memclr8                          0x080004b9   Thumb Code     0  rt_memclr_w.o(.text)
    __rt_memclr_w                            0x080004b9   Thumb Code    78  rt_memclr_w.o(.text)
    _memset_w                                0x080004bd   Thumb Code     0  rt_memclr_w.o(.text)
    strcmp                                   0x08000509   Thumb Code   128  strcmpv7m.o(.text)
    __use_two_region_memory                  0x08000589   Thumb Code     2  heapauxi.o(.text)
    __rt_heap_escrow                         0x0800058b   Thumb Code     2  heapauxi.o(.text)
    __rt_heap_expand                         0x0800058d   Thumb Code     2  heapauxi.o(.text)
    _printf_cs_common                        0x0800058f   Thumb Code    20  _printf_char.o(.text)
    _printf_char                             0x080005a3   Thumb Code    16  _printf_char.o(.text)
    _printf_string                           0x080005b3   Thumb Code     8  _printf_char.o(.text)
    __aeabi_memcpy4                          0x080005bb   Thumb Code     0  rt_memcpy_w.o(.text)
    __aeabi_memcpy8                          0x080005bb   Thumb Code     0  rt_memcpy_w.o(.text)
    __rt_memcpy_w                            0x080005bb   Thumb Code   100  rt_memcpy_w.o(.text)
    _memcpy_lastbytes_aligned                0x08000603   Thumb Code     0  rt_memcpy_w.o(.text)
    _printf_char_common                      0x0800062b   Thumb Code    32  _printf_char_common.o(.text)
    _initio                                  0x08000651   Thumb Code   240  initio_locked.o(.text)
    _terminateio                             0x08000741   Thumb Code   168  initio_locked.o(.text)
    __user_setup_stackheap                   0x08000819   Thumb Code    74  sys_stackheap_outer.o(.text)
    _free_internal                           0x08000863   Thumb Code    98  h1_free_mt.o(.text)
    free                                     0x080008c5   Thumb Code    20  h1_free_mt.o(.text)
    __flsbuf                                 0x080008d9   Thumb Code   470  flsbuf.o(.text)
    __flsbuf_byte                            0x080008d9   Thumb Code     0  flsbuf.o(.text)
    __flsbuf_wide                            0x080008d9   Thumb Code     0  flsbuf.o(.text)
    _fclose_internal                         0x08000aaf   Thumb Code    76  fclose.o(.text)
    fclose                                   0x08000aaf   Thumb Code     0  fclose.o(.text)
    setvbuf                                  0x08000afb   Thumb Code   104  setvbuf_locked.o(.text)
    freopen                                  0x08000c13   Thumb Code    42  fopen_locked.o(.text)
    _fopen$locked                            0x08000c3d   Thumb Code   100  fopen_locked.o(.text)
    exit                                     0x08000ca9   Thumb Code    18  exit.o(.text)
    __rt_SIGRTRED                            0x08000cbb   Thumb Code    14  defsig_rtred_outer.o(.text)
    __user_libspace                          0x08000cc9   Thumb Code     8  libspace.o(.text)
    __user_perproc_libspace                  0x08000cc9   Thumb Code     0  libspace.o(.text)
    __rt_heap_descriptor                     0x08000cd1   Thumb Code    10  rt_heap_descriptor_twolibspace.o(.text)
    __use_no_heap                            0x08000cdb   Thumb Code     2  hguard.o(.text)
    __heap$guard                             0x08000cdd   Thumb Code     2  hguard.o(.text)
    _terminate_user_alloc                    0x08000cdf   Thumb Code     2  init_alloc.o(.text)
    _init_user_alloc                         0x08000ce1   Thumb Code     2  init_alloc.o(.text)
    __Heap_Full                              0x08000ce3   Thumb Code    34  init_alloc.o(.text)
    __Heap_Broken                            0x08000d05   Thumb Code     6  init_alloc.o(.text)
    _init_alloc                              0x08000d0b   Thumb Code    94  init_alloc.o(.text)
    _malloc_internal                         0x08000d71   Thumb Code   130  h1_alloc_mt.o(.text)
    malloc                                   0x08000df3   Thumb Code    20  h1_alloc_mt.o(.text)
    _printf_char_file                        0x08000e09   Thumb Code    58  _printf_char_file_locked.o(.text)
    _fseek                                   0x08000e49   Thumb Code   242  fseek.o(.text)
    fseek                                    0x08000e49   Thumb Code     0  fseek.o(.text)
    _seterr                                  0x08000f41   Thumb Code    20  stdio.o(.text)
    _writebuf                                0x08000f55   Thumb Code    84  stdio.o(.text)
    _fflush                                  0x08000fa9   Thumb Code    70  stdio.o(.text)
    _deferredlazyseek                        0x08000fef   Thumb Code    60  stdio.o(.text)
    __sig_exit                               0x08001031   Thumb Code    10  defsig_exit.o(.text)
    __rt_SIGRTRED_inner                      0x0800103d   Thumb Code    14  defsig_rtred_inner.o(.text)
    _sys_exit                                0x08001071   Thumb Code     8  sys_exit.o(.text)
    __Heap_Initialize                        0x0800107d   Thumb Code    14  h1_init_mt.o(.text)
    __Heap_DescSize                          0x0800108b   Thumb Code     4  h1_init_mt.o(.text)
    __Heap_ProvideMemory                     0x0800108f   Thumb Code    62  h1_extend_mt.o(.text)
    _ftell_internal                          0x080010cd   Thumb Code    66  ftell.o(.text)
    ftell                                    0x080010cd   Thumb Code     0  ftell.o(.text)
    __default_signal_display                 0x0800110f   Thumb Code    50  defsig_general.o(.text)
    __rt_SIGRTMEM                            0x08001141   Thumb Code    14  defsig_rtmem_outer.o(.text)
    _ttywrch                                 0x0800114f   Thumb Code    14  sys_wrch.o(.text)
    __I$use$semihosting                      0x0800115d   Thumb Code     0  use_no_semi.o(.text)
    __use_no_semihosting_swi                 0x0800115d   Thumb Code     2  use_no_semi.o(.text)
    __aeabi_errno_addr                       0x0800115f   Thumb Code     4  rt_errno_addr_twolibspace.o(.text)
    __errno$twolibspace                      0x0800115f   Thumb Code     0  rt_errno_addr_twolibspace.o(.text)
    __rt_errno_addr$twolibspace              0x0800115f   Thumb Code     0  rt_errno_addr_twolibspace.o(.text)
    __semihosting_library_function           0x0800115f   Thumb Code     0  indicate_semi.o(.text)
    _terminate_alloc                         0x08001163   Thumb Code    16  term_alloc.o(.text)
    __rt_SIGRTMEM_inner                      0x08001175   Thumb Code    22  defsig_rtmem_inner.o(.text)
    __Heap_Finalize                          0x080011c5   Thumb Code    10  h1_final_mt.o(.text)
    EventRecord2                             0x08001251   Thumb Code    70  eventrecorder.o(i.EventRecord2)
    EventRecord4                             0x08001297   Thumb Code   118  eventrecorder.o(i.EventRecord4)
    EventRecorderEnable                      0x080013e5   Thumb Code    88  eventrecorder.o(i.EventRecorderEnable)
    EventRecorderInitialize                  0x08001441   Thumb Code   274  eventrecorder.o(i.EventRecorderInitialize)
    EventRecorderStart                       0x08001571   Thumb Code    40  eventrecorder.o(i.EventRecorderStart)
    EventRecorderTimerGetCount               0x080015a1   Thumb Code     6  eventrecorder.o(i.EventRecorderTimerGetCount)
    EventRecorderTimerGetFreq                0x080015ad   Thumb Code     6  eventrecorder.o(i.EventRecorderTimerGetFreq)
    EventRecorderTimerSetup                  0x080015b9   Thumb Code    28  eventrecorder.o(i.EventRecorderTimerSetup)
    EvrFreeRTOSHeap_Free                     0x080015dd   Thumb Code    18  freertos_evr.o(i.EvrFreeRTOSHeap_Free)
    EvrFreeRTOSHeap_Malloc                   0x080015f5   Thumb Code    20  freertos_evr.o(i.EvrFreeRTOSHeap_Malloc)
    EvrFreeRTOSQueue_BlockingOnQueueReceive  0x08001609   Thumb Code    16  freertos_evr.o(i.EvrFreeRTOSQueue_BlockingOnQueueReceive)
    EvrFreeRTOSQueue_BlockingOnQueueSend     0x0800161d   Thumb Code    16  freertos_evr.o(i.EvrFreeRTOSQueue_BlockingOnQueueSend)
    EvrFreeRTOSQueue_CreateMutex             0x08001631   Thumb Code    16  freertos_evr.o(i.EvrFreeRTOSQueue_CreateMutex)
    EvrFreeRTOSQueue_CreateMutexFailed       0x08001645   Thumb Code    16  freertos_evr.o(i.EvrFreeRTOSQueue_CreateMutexFailed)
    EvrFreeRTOSQueue_QueueCreate             0x08001655   Thumb Code    16  freertos_evr.o(i.EvrFreeRTOSQueue_QueueCreate)
    EvrFreeRTOSQueue_QueueCreateFailed       0x08001669   Thumb Code    18  freertos_evr.o(i.EvrFreeRTOSQueue_QueueCreateFailed)
    EvrFreeRTOSQueue_QueueDelete             0x0800167d   Thumb Code    16  freertos_evr.o(i.EvrFreeRTOSQueue_QueueDelete)
    EvrFreeRTOSQueue_QueueReceive            0x08001691   Thumb Code    16  freertos_evr.o(i.EvrFreeRTOSQueue_QueueReceive)
    EvrFreeRTOSQueue_QueueReceiveFailed      0x080016a5   Thumb Code    18  freertos_evr.o(i.EvrFreeRTOSQueue_QueueReceiveFailed)
    EvrFreeRTOSQueue_QueueSend               0x080016b9   Thumb Code    16  freertos_evr.o(i.EvrFreeRTOSQueue_QueueSend)
    EvrFreeRTOSQueue_QueueSendFailed         0x080016cd   Thumb Code    18  freertos_evr.o(i.EvrFreeRTOSQueue_QueueSendFailed)
    EvrFreeRTOSSetup                         0x080016e1   Thumb Code   104  freertos_evr.o(i.EvrFreeRTOSSetup)
    EvrFreeRTOSTasks_MovedTaskToReadyState   0x08001751   Thumb Code    16  freertos_evr.o(i.EvrFreeRTOSTasks_MovedTaskToReadyState)
    EvrFreeRTOSTasks_PostMovedTaskToReadyState 0x08001765   Thumb Code    16  freertos_evr.o(i.EvrFreeRTOSTasks_PostMovedTaskToReadyState)
    EvrFreeRTOSTasks_TaskCreate              0x08001779   Thumb Code    18  freertos_evr.o(i.EvrFreeRTOSTasks_TaskCreate)
    EvrFreeRTOSTasks_TaskDelay               0x0800178d   Thumb Code    16  freertos_evr.o(i.EvrFreeRTOSTasks_TaskDelay)
    EvrFreeRTOSTasks_TaskDelayUntil          0x080017a1   Thumb Code    16  freertos_evr.o(i.EvrFreeRTOSTasks_TaskDelayUntil)
    EvrFreeRTOSTasks_TaskIncrementTick       0x080017b5   Thumb Code    16  freertos_evr.o(i.EvrFreeRTOSTasks_TaskIncrementTick)
    EvrFreeRTOSTasks_TaskPriorityDisinherit  0x080017c9   Thumb Code    18  freertos_evr.o(i.EvrFreeRTOSTasks_TaskPriorityDisinherit)
    EvrFreeRTOSTasks_TaskPriorityInherit     0x080017e1   Thumb Code    18  freertos_evr.o(i.EvrFreeRTOSTasks_TaskPriorityInherit)
    EvrFreeRTOSTasks_TaskSwitchedIn          0x080017f9   Thumb Code    18  freertos_evr.o(i.EvrFreeRTOSTasks_TaskSwitchedIn)
    EvrFreeRTOSTasks_TaskSwitchedOut         0x08001811   Thumb Code    16  freertos_evr.o(i.EvrFreeRTOSTasks_TaskSwitchedOut)
    EvrFreeRTOSTimers_TimerCommandReceived   0x08001825   Thumb Code    26  freertos_evr.o(i.EvrFreeRTOSTimers_TimerCommandReceived)
    EvrFreeRTOSTimers_TimerExpired           0x08001845   Thumb Code    16  freertos_evr.o(i.EvrFreeRTOSTimers_TimerExpired)
    ITM_SendChar                             0x08001869   Thumb Code    42  retarget_io.o(i.ITM_SendChar)
    SysTick_Handler                          0x08001981   Thumb Code    22  cmsis_os2.o(i.SysTick_Handler)
    SystemCoreClockUpdate                    0x08001999   Thumb Code   142  system_stm32f10x.o(i.SystemCoreClockUpdate)
    SystemInit                               0x08001a3d   Thumb Code    78  system_stm32f10x.o(i.SystemInit)
    __user_perthread_libspace                0x08001a9d   Thumb Code    88  clib_arm.o(i.__user_perthread_libspace)
    _mutex_acquire                           0x08001b01   Thumb Code    28  clib_arm.o(i._mutex_acquire)
    _mutex_free                              0x08001b1d   Thumb Code    46  clib_arm.o(i._mutex_free)
    _mutex_initialize                        0x08001b51   Thumb Code    98  clib_arm.o(i._mutex_initialize)
    _mutex_release                           0x08001bbd   Thumb Code    30  clib_arm.o(i._mutex_release)
    _platform_post_stackheap_init            0x08001bdb   Thumb Code    10  clib_arm.o(i._platform_post_stackheap_init)
    _sys_close                               0x08001be5   Thumb Code    38  retarget_io.o(i._sys_close)
    _sys_flen                                0x08001c0b   Thumb Code    36  retarget_io.o(i._sys_flen)
    _sys_istty                               0x08001c2f   Thumb Code    36  retarget_io.o(i._sys_istty)
    _sys_open                                0x08001c55   Thumb Code    80  retarget_io.o(i._sys_open)
    _sys_seek                                0x08001cbd   Thumb Code    44  retarget_io.o(i._sys_seek)
    _sys_write                               0x08001ce9   Thumb Code    70  retarget_io.o(i._sys_write)
    _fputc$unlocked                          0x08001d71   Thumb Code    26  fputc.o(i.fputc)
    main                                     0x08001d9d   Thumb Code    68  freertos_1.o(i.main)
    pvPortMalloc                             0x080027b5   Thumb Code   216  heap_4.o(i.pvPortMalloc)
    pvTaskIncrementMutexHeldCount            0x080028a1   Thumb Code    26  tasks.o(i.pvTaskIncrementMutexHeldCount)
    pxPortInitialiseStack                    0x080028c1   Thumb Code    30  port.o(i.pxPortInitialiseStack)
    uxListRemove                             0x080028f1   Thumb Code    40  list.o(i.uxListRemove)
    vApplicationGetIdleTaskMemory            0x08002919   Thumb Code    14  cmsis_os2.o(i.vApplicationGetIdleTaskMemory)
    vApplicationGetTimerTaskMemory           0x08002931   Thumb Code    14  cmsis_os2.o(i.vApplicationGetTimerTaskMemory)
    vApplicationStackOverflowHook            0x08002949   Thumb Code     2  cmsis_os2.o(i.vApplicationStackOverflowHook)
    vListInitialise                          0x0800294b   Thumb Code    26  list.o(i.vListInitialise)
    vListInitialiseItem                      0x08002965   Thumb Code     6  list.o(i.vListInitialiseItem)
    vListInsert                              0x0800296b   Thumb Code    52  list.o(i.vListInsert)
    vPortEnterCritical                       0x080029a1   Thumb Code    30  port.o(i.vPortEnterCritical)
    vPortExitCritical                        0x080029c5   Thumb Code    28  port.o(i.vPortExitCritical)
    vPortFree                                0x080029e5   Thumb Code    76  heap_4.o(i.vPortFree)
    vPortSetupTimerInterrupt                 0x08002a39   Thumb Code    36  port.o(i.vPortSetupTimerInterrupt)
    vQueueDelete                             0x08002a61   Thumb Code    26  queue.o(i.vQueueDelete)
    vQueueWaitForMessageRestricted           0x08002a7b   Thumb Code    74  queue.o(i.vQueueWaitForMessageRestricted)
    vTask1                                   0x08002ac5   Thumb Code    34  freertos_1.o(i.vTask1)
    vTask2                                   0x08002af1   Thumb Code    22  freertos_1.o(i.vTask2)
    vTaskDelay                               0x08002b11   Thumb Code    52  tasks.o(i.vTaskDelay)
    vTaskInternalSetTimeOutState             0x08002b49   Thumb Code    14  tasks.o(i.vTaskInternalSetTimeOutState)
    vTaskMissedYield                         0x08002b61   Thumb Code     8  tasks.o(i.vTaskMissedYield)
    vTaskPlaceOnEventList                    0x08002b6d   Thumb Code    28  tasks.o(i.vTaskPlaceOnEventList)
    vTaskPlaceOnEventListRestricted          0x08002b8d   Thumb Code    80  tasks.o(i.vTaskPlaceOnEventListRestricted)
    vTaskPriorityDisinheritAfterTimeout      0x08002be5   Thumb Code   200  tasks.o(i.vTaskPriorityDisinheritAfterTimeout)
    vTaskStartScheduler                      0x08002cb5   Thumb Code   136  tasks.o(i.vTaskStartScheduler)
    vTaskSuspendAll                          0x08002d65   Thumb Code    12  tasks.o(i.vTaskSuspendAll)
    vTaskSwitchContext                       0x08002d75   Thumb Code   170  tasks.o(i.vTaskSwitchContext)
    xPortStartScheduler                      0x08002e35   Thumb Code    42  port.o(i.xPortStartScheduler)
    xPortSysTickHandler                      0x08002e69   Thumb Code    46  port.o(i.xPortSysTickHandler)
    xQueueCreateMutex                        0x08002e9d   Thumb Code    34  queue.o(i.xQueueCreateMutex)
    xQueueCreateMutexStatic                  0x08002ebf   Thumb Code    42  queue.o(i.xQueueCreateMutexStatic)
    xQueueGenericCreate                      0x08002ee9   Thumb Code    90  queue.o(i.xQueueGenericCreate)
    xQueueGenericCreateStatic                0x08002f43   Thumb Code    62  queue.o(i.xQueueGenericCreateStatic)
    xQueueGenericReset                       0x08002f81   Thumb Code   156  queue.o(i.xQueueGenericReset)
    xQueueGenericSend                        0x08003021   Thumb Code   300  queue.o(i.xQueueGenericSend)
    xQueueReceive                            0x08003151   Thumb Code   280  queue.o(i.xQueueReceive)
    xQueueSemaphoreTake                      0x0800326d   Thumb Code   324  queue.o(i.xQueueSemaphoreTake)
    xTaskCheckForTimeOut                     0x080033b5   Thumb Code    88  tasks.o(i.xTaskCheckForTimeOut)
    xTaskCreate                              0x08003415   Thumb Code   108  tasks.o(i.xTaskCreate)
    xTaskCreateStatic                        0x08003481   Thumb Code    86  tasks.o(i.xTaskCreateStatic)
    xTaskGetCurrentTaskHandle                0x080034d9   Thumb Code     6  tasks.o(i.xTaskGetCurrentTaskHandle)
    xTaskGetSchedulerState                   0x080034e5   Thumb Code    24  tasks.o(i.xTaskGetSchedulerState)
    xTaskGetTickCount                        0x08003505   Thumb Code     6  tasks.o(i.xTaskGetTickCount)
    xTaskIncrementTick                       0x08003511   Thumb Code   374  tasks.o(i.xTaskIncrementTick)
    xTaskPriorityDisinherit                  0x080036b5   Thumb Code   160  tasks.o(i.xTaskPriorityDisinherit)
    xTaskPriorityInherit                     0x0800375d   Thumb Code   226  tasks.o(i.xTaskPriorityInherit)
    xTaskRemoveFromEventList                 0x0800384d   Thumb Code   250  tasks.o(i.xTaskRemoveFromEventList)
    xTaskResumeAll                           0x08003961   Thumb Code   320  tasks.o(i.xTaskResumeAll)
    xTimerCreateTimerTask                    0x08003ac5   Thumb Code    76  timers.o(i.xTimerCreateTimerTask)
    EventRecorderInfo                        0x08003b24   Data          24  eventrecorder.o(.constdata)
    __stdin_name                             0x08003b3c   Data           7  retarget_io.o(.constdata)
    __stdout_name                            0x08003b43   Data           8  retarget_io.o(.constdata)
    __stderr_name                            0x08003b4b   Data           8  retarget_io.o(.constdata)
    Region$$Table$$Base                      0x08003b7c   Number         0  anon$$obj.o(Region$$Table)
    Region$$Table$$Limit                     0x08003b9c   Number         0  anon$$obj.o(Region$$Table)
    pvTask1                                  0x20000000   Data           4  freertos_1.o(.data)
    pvTask2                                  0x20000004   Data           4  freertos_1.o(.data)
    SystemCoreClock                          0x2000000c   Data           4  system_stm32f10x.o(.data)
    AHBPrescTable                            0x20000010   Data          16  system_stm32f10x.o(.data)
    pxCurrentTCB                             0x20000044   Data           4  tasks.o(.data)
    uxTopUsedPriority                        0x2000007c   Data           4  tasks.o(.data)
    __aeabi_stdin                            0x20000098   Data           4  stdio_streams.o(.data)
    __aeabi_stdout                           0x2000009c   Data           4  stdio_streams.o(.data)
    __aeabi_stderr                           0x200000a0   Data           4  stdio_streams.o(.data)
    _stream_list_lock                        0x200000a4   Data           4  streamlock.o(.data)
    __stdin                                  0x20002dc0   Data          84  stdio_streams.o(.bss)
    __stdout                                 0x20002e14   Data          84  stdio_streams.o(.bss)
    __stderr                                 0x20002e68   Data          84  stdio_streams.o(.bss)
    __libspace_start                         0x20002ebc   Data          96  libspace.o(.bss)
    __temporary_stack_top$libspace           0x20002f1c   Data           0  libspace.o(.bss)



==============================================================================

Memory Map of the image

  Image Entry point : 0x080002c9

  Load Region LR_1 (Base: 0x08000000, Size: 0x00003c44, Max: 0xffffffff, ABSOLUTE)

    Execution Region ER_RO (Exec base: 0x08000000, Load base: 0x08000000, Size: 0x00003b9c, Max: 0xffffffff, ABSOLUTE)

    Exec Addr    Load Addr    Size         Type   Attr      Idx    E Section Name        Object

    0x08000000   0x08000000   0x000000ec   Data   RO         1047    RESET               startup_stm32f10x_md.o
    0x080000ec   0x080000ec   0x00000008   Code   RO         2838  * !!!main             c_w.l(__main.o)
    0x080000f4   0x080000f4   0x00000034   Code   RO         3178    !!!scatter          c_w.l(__scatter.o)
    0x08000128   0x08000128   0x0000001a   Code   RO         3180    !!handler_copy      c_w.l(__scatter_copy.o)
    0x08000142   0x08000142   0x00000002   PAD
    0x08000144   0x08000144   0x0000001c   Code   RO         3182    !!handler_zi        c_w.l(__scatter_zi.o)
    0x08000160   0x08000160   0x00000000   Code   RO         2825    .ARM.Collect$$_printf_percent$$00000000  c_w.l(_printf_percent.o)
    0x08000160   0x08000160   0x00000006   Code   RO         2824    .ARM.Collect$$_printf_percent$$00000014  c_w.l(_printf_s.o)
    0x08000166   0x08000166   0x00000004   Code   RO         2845    .ARM.Collect$$_printf_percent$$00000017  c_w.l(_printf_percent_end.o)
    0x0800016a   0x0800016a   0x00000002   Code   RO         2967    .ARM.Collect$$libinit$$00000000  c_w.l(libinit.o)
    0x0800016c   0x0800016c   0x00000000   Code   RO         2969    .ARM.Collect$$libinit$$00000002  c_w.l(libinit2.o)
    0x0800016c   0x0800016c   0x00000000   Code   RO         2971    .ARM.Collect$$libinit$$00000004  c_w.l(libinit2.o)
    0x0800016c   0x0800016c   0x00000008   Code   RO         2972    .ARM.Collect$$libinit$$00000005  c_w.l(libinit2.o)
    0x08000174   0x08000174   0x00000000   Code   RO         2974    .ARM.Collect$$libinit$$0000000A  c_w.l(libinit2.o)
    0x08000174   0x08000174   0x00000000   Code   RO         2976    .ARM.Collect$$libinit$$0000000C  c_w.l(libinit2.o)
    0x08000174   0x08000174   0x00000000   Code   RO         2978    .ARM.Collect$$libinit$$0000000E  c_w.l(libinit2.o)
    0x08000174   0x08000174   0x00000000   Code   RO         2981    .ARM.Collect$$libinit$$00000011  c_w.l(libinit2.o)
    0x08000174   0x08000174   0x00000000   Code   RO         2983    .ARM.Collect$$libinit$$00000013  c_w.l(libinit2.o)
    0x08000174   0x08000174   0x00000000   Code   RO         2985    .ARM.Collect$$libinit$$00000015  c_w.l(libinit2.o)
    0x08000174   0x08000174   0x00000000   Code   RO         2987    .ARM.Collect$$libinit$$00000017  c_w.l(libinit2.o)
    0x08000174   0x08000174   0x00000000   Code   RO         2989    .ARM.Collect$$libinit$$00000019  c_w.l(libinit2.o)
    0x08000174   0x08000174   0x00000000   Code   RO         2991    .ARM.Collect$$libinit$$0000001B  c_w.l(libinit2.o)
    0x08000174   0x08000174   0x00000000   Code   RO         2993    .ARM.Collect$$libinit$$0000001D  c_w.l(libinit2.o)
    0x08000174   0x08000174   0x00000000   Code   RO         2995    .ARM.Collect$$libinit$$0000001F  c_w.l(libinit2.o)
    0x08000174   0x08000174   0x00000000   Code   RO         2997    .ARM.Collect$$libinit$$00000021  c_w.l(libinit2.o)
    0x08000174   0x08000174   0x00000000   Code   RO         2999    .ARM.Collect$$libinit$$00000023  c_w.l(libinit2.o)
    0x08000174   0x08000174   0x00000004   Code   RO         3000    .ARM.Collect$$libinit$$00000024  c_w.l(libinit2.o)
    0x08000178   0x08000178   0x00000000   Code   RO         3001    .ARM.Collect$$libinit$$00000025  c_w.l(libinit2.o)
    0x08000178   0x08000178   0x00000000   Code   RO         3005    .ARM.Collect$$libinit$$0000002C  c_w.l(libinit2.o)
    0x08000178   0x08000178   0x00000000   Code   RO         3007    .ARM.Collect$$libinit$$0000002E  c_w.l(libinit2.o)
    0x08000178   0x08000178   0x00000000   Code   RO         3009    .ARM.Collect$$libinit$$00000030  c_w.l(libinit2.o)
    0x08000178   0x08000178   0x00000000   Code   RO         3011    .ARM.Collect$$libinit$$00000032  c_w.l(libinit2.o)
    0x08000178   0x08000178   0x00000002   Code   RO         3012    .ARM.Collect$$libinit$$00000033  c_w.l(libinit2.o)
    0x0800017a   0x0800017a   0x00000002   Code   RO         3157    .ARM.Collect$$libshutdown$$00000000  c_w.l(libshutdown.o)
    0x0800017c   0x0800017c   0x00000000   Code   RO         3014    .ARM.Collect$$libshutdown$$00000002  c_w.l(libshutdown2.o)
    0x0800017c   0x0800017c   0x00000004   Code   RO         3015    .ARM.Collect$$libshutdown$$00000003  c_w.l(libshutdown2.o)
    0x08000180   0x08000180   0x00000000   Code   RO         3016    .ARM.Collect$$libshutdown$$00000004  c_w.l(libshutdown2.o)
    0x08000180   0x08000180   0x00000000   Code   RO         3019    .ARM.Collect$$libshutdown$$00000007  c_w.l(libshutdown2.o)
    0x08000180   0x08000180   0x00000000   Code   RO         3022    .ARM.Collect$$libshutdown$$0000000A  c_w.l(libshutdown2.o)
    0x08000180   0x08000180   0x00000000   Code   RO         3024    .ARM.Collect$$libshutdown$$0000000C  c_w.l(libshutdown2.o)
    0x08000180   0x08000180   0x00000004   Code   RO         3025    .ARM.Collect$$libshutdown$$0000000D  c_w.l(libshutdown2.o)
    0x08000184   0x08000184   0x00000000   Code   RO         3027    .ARM.Collect$$libshutdown$$0000000F  c_w.l(libshutdown2.o)
    0x08000184   0x08000184   0x00000002   Code   RO         3028    .ARM.Collect$$libshutdown$$00000010  c_w.l(libshutdown2.o)
    0x08000186   0x08000186   0x00000000   Code   RO         2840    .ARM.Collect$$rtentry$$00000000  c_w.l(__rtentry.o)
    0x08000186   0x08000186   0x00000000   Code   RO         2855    .ARM.Collect$$rtentry$$00000002  c_w.l(__rtentry2.o)
    0x08000186   0x08000186   0x00000006   Code   RO         2867    .ARM.Collect$$rtentry$$00000004  c_w.l(__rtentry4.o)
    0x0800018c   0x0800018c   0x00000008   Code   RO         2856    .ARM.Collect$$rtentry$$00000008  c_w.l(__rtentry2.o)
    0x08000194   0x08000194   0x00000004   Code   RO         2858    .ARM.Collect$$rtentry$$0000000A  c_w.l(__rtentry2.o)
    0x08000198   0x08000198   0x00000000   Code   RO         2860    .ARM.Collect$$rtentry$$0000000C  c_w.l(__rtentry2.o)
    0x08000198   0x08000198   0x00000008   Code   RO         2861    .ARM.Collect$$rtentry$$0000000D  c_w.l(__rtentry2.o)
    0x080001a0   0x080001a0   0x00000002   Code   RO         3034    .ARM.Collect$$rtexit$$00000000  c_w.l(rtexit.o)
    0x080001a2   0x080001a2   0x00000000   Code   RO         3090    .ARM.Collect$$rtexit$$00000002  c_w.l(rtexit2.o)
    0x080001a2   0x080001a2   0x00000004   Code   RO         3091    .ARM.Collect$$rtexit$$00000003  c_w.l(rtexit2.o)
    0x080001a6   0x080001a6   0x00000006   Code   RO         3092    .ARM.Collect$$rtexit$$00000004  c_w.l(rtexit2.o)
    0x080001ac   0x080001ac   0x00000084   Code   RO          831    .emb_text           eventrecorder.o
    0x08000230   0x08000230   0x00000096   Code   RO         1894    .emb_text           port.o
    0x080002c6   0x080002c6   0x00000002   PAD
    0x080002c8   0x080002c8   0x00000000   Code   RO         3097    .emb_text           c_w.l(maybetermalloc2.o)
    0x080002c8   0x080002c8   0x00000040   Code   RO         1048  * .text               startup_stm32f10x_md.o
    0x08000308   0x08000308   0x00000018   Code   RO         2798    .text               c_w.l(noretval__2printf.o)
    0x08000320   0x08000320   0x00000068   Code   RO         2800    .text               c_w.l(__printf.o)
    0x08000388   0x08000388   0x00000052   Code   RO         2802    .text               c_w.l(_printf_str.o)
    0x080003da   0x080003da   0x0000008a   Code   RO         2826    .text               c_w.l(rt_memcpy_v6.o)
    0x08000464   0x08000464   0x00000010   Code   RO         2828    .text               c_w.l(aeabi_memset.o)
    0x08000474   0x08000474   0x00000044   Code   RO         2830    .text               c_w.l(rt_memclr.o)
    0x080004b8   0x080004b8   0x0000004e   Code   RO         2832    .text               c_w.l(rt_memclr_w.o)
    0x08000506   0x08000506   0x00000002   PAD
    0x08000508   0x08000508   0x00000080   Code   RO         2834    .text               c_w.l(strcmpv7m.o)
    0x08000588   0x08000588   0x00000006   Code   RO         2836    .text               c_w.l(heapauxi.o)
    0x0800058e   0x0800058e   0x0000002c   Code   RO         2841    .text               c_w.l(_printf_char.o)
    0x080005ba   0x080005ba   0x00000064   Code   RO         2852    .text               c_w.l(rt_memcpy_w.o)
    0x0800061e   0x0800061e   0x00000002   PAD
    0x08000620   0x08000620   0x00000030   Code   RO         2869    .text               c_w.l(_printf_char_common.o)
    0x08000650   0x08000650   0x000001c8   Code   RO         2883    .text               c_w.l(initio_locked.o)
    0x08000818   0x08000818   0x0000004a   Code   RO         2885    .text               c_w.l(sys_stackheap_outer.o)
    0x08000862   0x08000862   0x00000076   Code   RO         2891    .text               c_w.l(h1_free_mt.o)
    0x080008d8   0x080008d8   0x000001d6   Code   RO         2945    .text               c_w.l(flsbuf.o)
    0x08000aae   0x08000aae   0x0000004c   Code   RO         2952    .text               c_w.l(fclose.o)
    0x08000afa   0x08000afa   0x00000068   Code   RO         2954    .text               c_w.l(setvbuf_locked.o)
    0x08000b62   0x08000b62   0x00000002   PAD
    0x08000b64   0x08000b64   0x00000144   Code   RO         2956    .text               c_w.l(fopen_locked.o)
    0x08000ca8   0x08000ca8   0x00000012   Code   RO         2958    .text               c_w.l(exit.o)
    0x08000cba   0x08000cba   0x0000000e   Code   RO         2960    .text               c_w.l(defsig_rtred_outer.o)
    0x08000cc8   0x08000cc8   0x00000008   Code   RO         3031    .text               c_w.l(libspace.o)
    0x08000cd0   0x08000cd0   0x0000000a   Code   RO         3043    .text               c_w.l(rt_heap_descriptor_twolibspace.o)
    0x08000cda   0x08000cda   0x00000004   Code   RO         3045    .text               c_w.l(hguard.o)
    0x08000cde   0x08000cde   0x0000008a   Code   RO         3047    .text               c_w.l(init_alloc.o)
    0x08000d68   0x08000d68   0x0000009e   Code   RO         3055    .text               c_w.l(h1_alloc_mt.o)
    0x08000e06   0x08000e06   0x00000002   PAD
    0x08000e08   0x08000e08   0x00000040   Code   RO         3067    .text               c_w.l(_printf_char_file_locked.o)
    0x08000e48   0x08000e48   0x000000f8   Code   RO         3069    .text               c_w.l(fseek.o)
    0x08000f40   0x08000f40   0x000000f0   Code   RO         3071    .text               c_w.l(stdio.o)
    0x08001030   0x08001030   0x0000000a   Code   RO         3077    .text               c_w.l(defsig_exit.o)
    0x0800103a   0x0800103a   0x00000002   PAD
    0x0800103c   0x0800103c   0x00000034   Code   RO         3079    .text               c_w.l(defsig_rtred_inner.o)
    0x08001070   0x08001070   0x0000000c   Code   RO         3087    .text               c_w.l(sys_exit.o)
    0x0800107c   0x0800107c   0x00000012   Code   RO         3102    .text               c_w.l(h1_init_mt.o)
    0x0800108e   0x0800108e   0x0000003e   Code   RO         3104    .text               c_w.l(h1_extend_mt.o)
    0x080010cc   0x080010cc   0x00000042   Code   RO         3110    .text               c_w.l(ftell.o)
    0x0800110e   0x0800110e   0x00000032   Code   RO         3118    .text               c_w.l(defsig_general.o)
    0x08001140   0x08001140   0x0000000e   Code   RO         3120    .text               c_w.l(defsig_rtmem_outer.o)
    0x0800114e   0x0800114e   0x0000000e   Code   RO         3133    .text               c_w.l(sys_wrch.o)
    0x0800115c   0x0800115c   0x00000002   Code   RO         3137    .text               c_w.l(use_no_semi.o)
    0x0800115e   0x0800115e   0x00000000   Code   RO         3139    .text               c_w.l(indicate_semi.o)
    0x0800115e   0x0800115e   0x00000004   Code   RO         3145    .text               c_w.l(rt_errno_addr_twolibspace.o)
    0x08001162   0x08001162   0x00000010   Code   RO         3149    .text               c_w.l(term_alloc.o)
    0x08001172   0x08001172   0x00000002   PAD
    0x08001174   0x08001174   0x00000050   Code   RO         3151    .text               c_w.l(defsig_rtmem_inner.o)
    0x080011c4   0x080011c4   0x0000000a   Code   RO         3160    .text               c_w.l(h1_final_mt.o)
    0x080011ce   0x080011ce   0x00000002   PAD
    0x080011d0   0x080011d0   0x00000028   Code   RO          832    i.EventCheckFilter  eventrecorder.o
    0x080011f8   0x080011f8   0x00000058   Code   RO          833    i.EventGetTS        eventrecorder.o
    0x08001250   0x08001250   0x00000046   Code   RO          834    i.EventRecord2      eventrecorder.o
    0x08001296   0x08001296   0x00000076   Code   RO          835    i.EventRecord4      eventrecorder.o
    0x0800130c   0x0800130c   0x000000d8   Code   RO          837    i.EventRecordItem   eventrecorder.o
    0x080013e4   0x080013e4   0x0000005c   Code   RO          840    i.EventRecorderEnable  eventrecorder.o
    0x08001440   0x08001440   0x00000130   Code   RO          841    i.EventRecorderInitialize  eventrecorder.o
    0x08001570   0x08001570   0x00000030   Code   RO          842    i.EventRecorderStart  eventrecorder.o
    0x080015a0   0x080015a0   0x0000000c   Code   RO          844    i.EventRecorderTimerGetCount  eventrecorder.o
    0x080015ac   0x080015ac   0x0000000c   Code   RO          845    i.EventRecorderTimerGetFreq  eventrecorder.o
    0x080015b8   0x080015b8   0x00000024   Code   RO          846    i.EventRecorderTimerSetup  eventrecorder.o
    0x080015dc   0x080015dc   0x00000018   Code   RO         1112    i.EvrFreeRTOSHeap_Free  freertos_evr.o
    0x080015f4   0x080015f4   0x00000014   Code   RO         1113    i.EvrFreeRTOSHeap_Malloc  freertos_evr.o
    0x08001608   0x08001608   0x00000014   Code   RO         1114    i.EvrFreeRTOSQueue_BlockingOnQueueReceive  freertos_evr.o
    0x0800161c   0x0800161c   0x00000014   Code   RO         1115    i.EvrFreeRTOSQueue_BlockingOnQueueSend  freertos_evr.o
    0x08001630   0x08001630   0x00000014   Code   RO         1118    i.EvrFreeRTOSQueue_CreateMutex  freertos_evr.o
    0x08001644   0x08001644   0x00000010   Code   RO         1119    i.EvrFreeRTOSQueue_CreateMutexFailed  freertos_evr.o
    0x08001654   0x08001654   0x00000014   Code   RO         1122    i.EvrFreeRTOSQueue_QueueCreate  freertos_evr.o
    0x08001668   0x08001668   0x00000012   Code   RO         1123    i.EvrFreeRTOSQueue_QueueCreateFailed  freertos_evr.o
    0x0800167a   0x0800167a   0x00000002   PAD
    0x0800167c   0x0800167c   0x00000014   Code   RO         1124    i.EvrFreeRTOSQueue_QueueDelete  freertos_evr.o
    0x08001690   0x08001690   0x00000014   Code   RO         1129    i.EvrFreeRTOSQueue_QueueReceive  freertos_evr.o
    0x080016a4   0x080016a4   0x00000012   Code   RO         1130    i.EvrFreeRTOSQueue_QueueReceiveFailed  freertos_evr.o
    0x080016b6   0x080016b6   0x00000002   PAD
    0x080016b8   0x080016b8   0x00000014   Code   RO         1134    i.EvrFreeRTOSQueue_QueueSend  freertos_evr.o
    0x080016cc   0x080016cc   0x00000012   Code   RO         1135    i.EvrFreeRTOSQueue_QueueSendFailed  freertos_evr.o
    0x080016de   0x080016de   0x00000002   PAD
    0x080016e0   0x080016e0   0x00000070   Code   RO         1140    i.EvrFreeRTOSSetup  freertos_evr.o
    0x08001750   0x08001750   0x00000014   Code   RO         1157    i.EvrFreeRTOSTasks_MovedTaskToReadyState  freertos_evr.o
    0x08001764   0x08001764   0x00000014   Code   RO         1158    i.EvrFreeRTOSTasks_PostMovedTaskToReadyState  freertos_evr.o
    0x08001778   0x08001778   0x00000012   Code   RO         1159    i.EvrFreeRTOSTasks_TaskCreate  freertos_evr.o
    0x0800178a   0x0800178a   0x00000002   PAD
    0x0800178c   0x0800178c   0x00000014   Code   RO         1161    i.EvrFreeRTOSTasks_TaskDelay  freertos_evr.o
    0x080017a0   0x080017a0   0x00000014   Code   RO         1162    i.EvrFreeRTOSTasks_TaskDelayUntil  freertos_evr.o
    0x080017b4   0x080017b4   0x00000014   Code   RO         1164    i.EvrFreeRTOSTasks_TaskIncrementTick  freertos_evr.o
    0x080017c8   0x080017c8   0x00000018   Code   RO         1172    i.EvrFreeRTOSTasks_TaskPriorityDisinherit  freertos_evr.o
    0x080017e0   0x080017e0   0x00000018   Code   RO         1173    i.EvrFreeRTOSTasks_TaskPriorityInherit  freertos_evr.o
    0x080017f8   0x080017f8   0x00000018   Code   RO         1178    i.EvrFreeRTOSTasks_TaskSwitchedIn  freertos_evr.o
    0x08001810   0x08001810   0x00000014   Code   RO         1179    i.EvrFreeRTOSTasks_TaskSwitchedOut  freertos_evr.o
    0x08001824   0x08001824   0x00000020   Code   RO         1182    i.EvrFreeRTOSTimers_TimerCommandReceived  freertos_evr.o
    0x08001844   0x08001844   0x00000014   Code   RO         1186    i.EvrFreeRTOSTimers_TimerExpired  freertos_evr.o
    0x08001858   0x08001858   0x00000010   Code   RO          847    i.GetContext        eventrecorder.o
    0x08001868   0x08001868   0x00000030   Code   RO          959    i.ITM_SendChar      retarget_io.o
    0x08001898   0x08001898   0x00000008   Code   RO         1055    i.SetSysClock       system_stm32f10x.o
    0x080018a0   0x080018a0   0x000000e0   Code   RO         1056    i.SetSysClockTo72   system_stm32f10x.o
    0x08001980   0x08001980   0x00000016   Code   RO          219    i.SysTick_Handler   cmsis_os2.o
    0x08001996   0x08001996   0x00000002   PAD
    0x08001998   0x08001998   0x000000a4   Code   RO         1057    i.SystemCoreClockUpdate  system_stm32f10x.o
    0x08001a3c   0x08001a3c   0x00000060   Code   RO         1058    i.SystemInit        system_stm32f10x.o
    0x08001a9c   0x08001a9c   0x00000064   Code   RO          119    i.__user_perthread_libspace  clib_arm.o
    0x08001b00   0x08001b00   0x0000001c   Code   RO          120    i._mutex_acquire    clib_arm.o
    0x08001b1c   0x08001b1c   0x00000034   Code   RO          121    i._mutex_free       clib_arm.o
    0x08001b50   0x08001b50   0x0000006c   Code   RO          122    i._mutex_initialize  clib_arm.o
    0x08001bbc   0x08001bbc   0x0000001e   Code   RO          123    i._mutex_release    clib_arm.o
    0x08001bda   0x08001bda   0x0000000a   Code   RO          124    i._platform_post_stackheap_init  clib_arm.o
    0x08001be4   0x08001be4   0x00000026   Code   RO          960    i._sys_close        retarget_io.o
    0x08001c0a   0x08001c0a   0x00000024   Code   RO          961    i._sys_flen         retarget_io.o
    0x08001c2e   0x08001c2e   0x00000024   Code   RO          962    i._sys_istty        retarget_io.o
    0x08001c52   0x08001c52   0x00000002   PAD
    0x08001c54   0x08001c54   0x00000068   Code   RO          963    i._sys_open         retarget_io.o
    0x08001cbc   0x08001cbc   0x0000002c   Code   RO          965    i._sys_seek         retarget_io.o
    0x08001ce8   0x08001ce8   0x00000046   Code   RO          966    i._sys_write        retarget_io.o
    0x08001d2e   0x08001d2e   0x00000042   Code   RO          848    i.crc16_ccitt       eventrecorder.o
    0x08001d70   0x08001d70   0x0000001a   Code   RO         2874    i.fputc             c_w.l(fputc.o)
    0x08001d8a   0x08001d8a   0x00000010   Code   RO          125    i.is_thread_mode    clib_arm.o
    0x08001d9a   0x08001d9a   0x00000002   PAD
    0x08001d9c   0x08001d9c   0x00000080   Code   RO            4    i.main              freertos_1.o
    0x08001e1c   0x08001e1c   0x00000012   Code   RO          126    i.os_kernel_is_active  clib_arm.o
    0x08001e2e   0x08001e2e   0x00000002   PAD
    0x08001e30   0x08001e30   0x000000a4   Code   RO         2214    i.prvAddCurrentTaskToDelayedList  tasks.o
    0x08001ed4   0x08001ed4   0x000000fc   Code   RO         2215    i.prvAddNewTaskToReadyList  tasks.o
    0x08001fd0   0x08001fd0   0x0000005c   Code   RO         2611    i.prvCheckForValidListAndQueue  timers.o
    0x0800202c   0x0800202c   0x00000048   Code   RO         2216    i.prvCheckTasksWaitingTermination  tasks.o
    0x08002074   0x08002074   0x0000002a   Code   RO         1977    i.prvCopyDataFromQueue  queue.o
    0x0800209e   0x0800209e   0x0000007e   Code   RO         1978    i.prvCopyDataToQueue  queue.o
    0x0800211c   0x0800211c   0x00000028   Code   RO         2217    i.prvDeleteTCB      tasks.o
    0x08002144   0x08002144   0x00000014   Code   RO         1979    i.prvGetDisinheritPriorityAfterTimeout  queue.o
    0x08002158   0x08002158   0x00000028   Code   RO         2612    i.prvGetNextExpireTime  timers.o
    0x08002180   0x08002180   0x00000070   Code   RO         1821    i.prvHeapInit       heap_4.o
    0x080021f0   0x080021f0   0x00000028   Code   RO         2218    i.prvIdleTask       tasks.o
    0x08002218   0x08002218   0x0000002a   Code   RO         1980    i.prvInitialiseMutex  queue.o
    0x08002242   0x08002242   0x00000030   Code   RO         1981    i.prvInitialiseNewQueue  queue.o
    0x08002272   0x08002272   0x00000086   Code   RO         2219    i.prvInitialiseNewTask  tasks.o
    0x080022f8   0x080022f8   0x00000068   Code   RO         2220    i.prvInitialiseTaskLists  tasks.o
    0x08002360   0x08002360   0x00000068   Code   RO         1822    i.prvInsertBlockIntoFreeList  heap_4.o
    0x080023c8   0x080023c8   0x00000058   Code   RO         2614    i.prvInsertTimerInActiveList  timers.o
    0x08002420   0x08002420   0x0000001a   Code   RO         1982    i.prvIsQueueEmpty   queue.o
    0x0800243a   0x0800243a   0x0000001e   Code   RO         1983    i.prvIsQueueFull    queue.o
    0x08002458   0x08002458   0x00000048   Code   RO         2615    i.prvProcessExpiredTimer  timers.o
    0x080024a0   0x080024a0   0x00000120   Code   RO         2616    i.prvProcessReceivedCommands  timers.o
    0x080025c0   0x080025c0   0x00000074   Code   RO         2617    i.prvProcessTimerOrBlockTask  timers.o
    0x08002634   0x08002634   0x0000002e   Code   RO         2618    i.prvReloadTimer    timers.o
    0x08002662   0x08002662   0x00000002   PAD
    0x08002664   0x08002664   0x00000030   Code   RO         2222    i.prvResetNextTaskUnblockTime  tasks.o
    0x08002694   0x08002694   0x0000002c   Code   RO         2619    i.prvSampleTimeNow  timers.o
    0x080026c0   0x080026c0   0x00000044   Code   RO         2620    i.prvSwitchTimerLists  timers.o
    0x08002704   0x08002704   0x00000016   Code   RO         1895    i.prvTaskExitError  port.o
    0x0800271a   0x0800271a   0x0000001a   Code   RO         2621    i.prvTimerTask      timers.o
    0x08002734   0x08002734   0x0000007e   Code   RO         1984    i.prvUnlockQueue    queue.o
    0x080027b2   0x080027b2   0x00000002   PAD
    0x080027b4   0x080027b4   0x000000ec   Code   RO         1824    i.pvPortMalloc      heap_4.o
    0x080028a0   0x080028a0   0x00000020   Code   RO         2225    i.pvTaskIncrementMutexHeldCount  tasks.o
    0x080028c0   0x080028c0   0x00000024   Code   RO         1896    i.pxPortInitialiseStack  port.o
    0x080028e4   0x080028e4   0x0000000c   Code   RO          968    i.stdout_putchar    retarget_io.o
    0x080028f0   0x080028f0   0x00000028   Code   RO         1770    i.uxListRemove      list.o
    0x08002918   0x08002918   0x00000018   Code   RO          292    i.vApplicationGetIdleTaskMemory  cmsis_os2.o
    0x08002930   0x08002930   0x00000018   Code   RO          293    i.vApplicationGetTimerTaskMemory  cmsis_os2.o
    0x08002948   0x08002948   0x00000002   Code   RO          294    i.vApplicationStackOverflowHook  cmsis_os2.o
    0x0800294a   0x0800294a   0x0000001a   Code   RO         1771    i.vListInitialise   list.o
    0x08002964   0x08002964   0x00000006   Code   RO         1772    i.vListInitialiseItem  list.o
    0x0800296a   0x0800296a   0x00000034   Code   RO         1773    i.vListInsert       list.o
    0x0800299e   0x0800299e   0x00000002   PAD
    0x080029a0   0x080029a0   0x00000024   Code   RO         1898    i.vPortEnterCritical  port.o
    0x080029c4   0x080029c4   0x00000020   Code   RO         1899    i.vPortExitCritical  port.o
    0x080029e4   0x080029e4   0x00000054   Code   RO         1825    i.vPortFree         heap_4.o
    0x08002a38   0x08002a38   0x00000028   Code   RO         1900    i.vPortSetupTimerInterrupt  port.o
    0x08002a60   0x08002a60   0x0000001a   Code   RO         1990    i.vQueueDelete      queue.o
    0x08002a7a   0x08002a7a   0x0000004a   Code   RO         1992    i.vQueueWaitForMessageRestricted  queue.o
    0x08002ac4   0x08002ac4   0x0000002c   Code   RO            5    i.vTask1            freertos_1.o
    0x08002af0   0x08002af0   0x00000020   Code   RO            6    i.vTask2            freertos_1.o
    0x08002b10   0x08002b10   0x00000038   Code   RO         2235    i.vTaskDelay        tasks.o
    0x08002b48   0x08002b48   0x00000018   Code   RO         2240    i.vTaskInternalSetTimeOutState  tasks.o
    0x08002b60   0x08002b60   0x0000000c   Code   RO         2241    i.vTaskMissedYield  tasks.o
    0x08002b6c   0x08002b6c   0x00000020   Code   RO         2242    i.vTaskPlaceOnEventList  tasks.o
    0x08002b8c   0x08002b8c   0x00000058   Code   RO         2243    i.vTaskPlaceOnEventListRestricted  tasks.o
    0x08002be4   0x08002be4   0x000000d0   Code   RO         2245    i.vTaskPriorityDisinheritAfterTimeout  tasks.o
    0x08002cb4   0x08002cb4   0x000000b0   Code   RO         2251    i.vTaskStartScheduler  tasks.o
    0x08002d64   0x08002d64   0x00000010   Code   RO         2253    i.vTaskSuspendAll   tasks.o
    0x08002d74   0x08002d74   0x000000c0   Code   RO         2254    i.vTaskSwitchContext  tasks.o
    0x08002e34   0x08002e34   0x00000034   Code   RO         1901    i.xPortStartScheduler  port.o
    0x08002e68   0x08002e68   0x00000034   Code   RO         1902    i.xPortSysTickHandler  port.o
    0x08002e9c   0x08002e9c   0x00000022   Code   RO         1995    i.xQueueCreateMutex  queue.o
    0x08002ebe   0x08002ebe   0x0000002a   Code   RO         1996    i.xQueueCreateMutexStatic  queue.o
    0x08002ee8   0x08002ee8   0x0000005a   Code   RO         1997    i.xQueueGenericCreate  queue.o
    0x08002f42   0x08002f42   0x0000003e   Code   RO         1998    i.xQueueGenericCreateStatic  queue.o
    0x08002f80   0x08002f80   0x000000a0   Code   RO         1999    i.xQueueGenericReset  queue.o
    0x08003020   0x08003020   0x00000130   Code   RO         2000    i.xQueueGenericSend  queue.o
    0x08003150   0x08003150   0x0000011c   Code   RO         2010    i.xQueueReceive     queue.o
    0x0800326c   0x0800326c   0x00000148   Code   RO         2012    i.xQueueSemaphoreTake  queue.o
    0x080033b4   0x080033b4   0x00000060   Code   RO         2256    i.xTaskCheckForTimeOut  tasks.o
    0x08003414   0x08003414   0x0000006c   Code   RO         2257    i.xTaskCreate       tasks.o
    0x08003480   0x08003480   0x00000056   Code   RO         2258    i.xTaskCreateStatic  tasks.o
    0x080034d6   0x080034d6   0x00000002   PAD
    0x080034d8   0x080034d8   0x0000000c   Code   RO         2264    i.xTaskGetCurrentTaskHandle  tasks.o
    0x080034e4   0x080034e4   0x00000020   Code   RO         2265    i.xTaskGetSchedulerState  tasks.o
    0x08003504   0x08003504   0x0000000c   Code   RO         2266    i.xTaskGetTickCount  tasks.o
    0x08003510   0x08003510   0x000001a4   Code   RO         2268    i.xTaskIncrementTick  tasks.o
    0x080036b4   0x080036b4   0x000000a8   Code   RO         2269    i.xTaskPriorityDisinherit  tasks.o
    0x0800375c   0x0800375c   0x000000f0   Code   RO         2270    i.xTaskPriorityInherit  tasks.o
    0x0800384c   0x0800384c   0x00000114   Code   RO         2271    i.xTaskRemoveFromEventList  tasks.o
    0x08003960   0x08003960   0x00000164   Code   RO         2272    i.xTaskResumeAll    tasks.o
    0x08003ac4   0x08003ac4   0x00000060   Code   RO         2630    i.xTimerCreateTimerTask  timers.o
    0x08003b24   0x08003b24   0x00000018   Data   RO          850    .constdata          eventrecorder.o
    0x08003b3c   0x08003b3c   0x00000017   Data   RO          969    .constdata          retarget_io.o
    0x08003b53   0x08003b53   0x00000001   PAD
    0x08003b54   0x08003b54   0x00000026   Data   RO            7    .conststring        freertos_1.o
    0x08003b7a   0x08003b7a   0x00000002   PAD
    0x08003b7c   0x08003b7c   0x00000020   Data   RO         3176    Region$$Table       anon$$obj.o


    Execution Region ER_RW (Exec base: 0x20000000, Load base: 0x08003b9c, Size: 0x000000a8, Max: 0xffffffff, ABSOLUTE)

    Exec Addr    Load Addr    Size         Type   Attr      Idx    E Section Name        Object

    0x20000000   0x08003b9c   0x00000008   Data   RW            8    .data               freertos_1.o
    0x20000008   0x08003ba4   0x00000001   Data   RW          851    .data               eventrecorder.o
    0x20000009   0x08003ba5   0x00000003   PAD
    0x2000000c   0x08003ba8   0x00000014   Data   RW         1059    .data               system_stm32f10x.o
    0x20000020   0x08003bbc   0x00000001   Data   RW         1187    .data               freertos_evr.o
    0x20000021   0x08003bbd   0x00000003   PAD
    0x20000024   0x08003bc0   0x0000001c   Data   RW         1831    .data               heap_4.o
    0x20000040   0x08003bdc   0x00000004   Data   RW         1903    .data               port.o
    0x20000044   0x08003be0   0x00000040   Data   RW         2275    .data               tasks.o
    0x20000084   0x08003c20   0x00000014   Data   RW         2640    .data               timers.o
    0x20000098   0x08003c34   0x00000004   Data   RW         2849    .data               c_w.l(stdio_streams.o)
    0x2000009c   0x08003c38   0x00000004   Data   RW         2850    .data               c_w.l(stdio_streams.o)
    0x200000a0   0x08003c3c   0x00000004   Data   RW         2851    .data               c_w.l(stdio_streams.o)
    0x200000a4   0x08003c40   0x00000004   Data   RW         2949    .data               c_w.l(streamlock.o)


    Execution Region ER_ZI (Exec base: 0x200000a8, Load base: 0x08003c44, Size: 0x00003940, Max: 0xffffffff, ABSOLUTE)

    Exec Addr    Load Addr    Size         Type   Attr      Idx    E Section Name        Object

    0x200000a8        -       0x00000394   Zero   RW          127    .bss                clib_arm.o
    0x2000043c        -       0x000003f8   Zero   RW          295    .bss                cmsis_os2.o
    0x20000834        -       0x00002000   Zero   RW         1830    .bss                heap_4.o
    0x20002834        -       0x000004c4   Zero   RW         2274    .bss                tasks.o
    0x20002cf8        -       0x000000c8   Zero   RW         2639    .bss                timers.o
    0x20002dc0        -       0x00000054   Zero   RW         2846    .bss                c_w.l(stdio_streams.o)
    0x20002e14        -       0x00000054   Zero   RW         2847    .bss                c_w.l(stdio_streams.o)
    0x20002e68        -       0x00000054   Zero   RW         2848    .bss                c_w.l(stdio_streams.o)
    0x20002ebc        -       0x00000060   Zero   RW         3032    .bss                c_w.l(libspace.o)
    0x20002f1c   0x08003c44   0x00000024   PAD
    0x20002f40        -       0x000004a4   Zero   RW          849    .bss.noinit         eventrecorder.o
    0x200033e4   0x08003c44   0x00000004   PAD
    0x200033e8        -       0x00000200   Zero   RW         1046    HEAP                startup_stm32f10x_md.o
    0x200035e8        -       0x00000400   Zero   RW         1045    STACK               startup_stm32f10x_md.o


==============================================================================

Image component sizes


      Code (inc. data)   RO Data    RW Data    ZI Data      Debug   Object Name

       362         28          0          0        916      30604   clib_arm.o
        72         20          0          0       1016      27555   cmsis_os2.o
         0          0          0          0          0       8276   event_groups.o
      1250         96         24          1       1188      15162   eventrecorder.o
       204         80         38          8          0      24315   freertos_1.o
       628         94          0          1          0      18017   freertos_evr.o
       536         58          0         28       8192       5211   heap_4.o
       124          0          0          0          0       8825   list.o
       420         48          0          4          0      10192   port.o
      1864         16          0          0          0      19571   queue.o
       388         30         23          0          0       7094   retarget_io.o
        64         26        236          0       1536        832   startup_stm32f10x_md.o
       492         50          0         20          0       3141   system_stm32f10x.o
      3496        384          0         64       1220      43725   tasks.o
       976        108          0         20        200      12168   timers.o

    ----------------------------------------------------------------------
     10902       1038        356        152      14272     234688   Object Totals
         0          0         32          0          0          0   (incl. Generated)
        26          0          3          6          4          0   (incl. Padding)

    ----------------------------------------------------------------------

      Code (inc. data)   RO Data    RW Data    ZI Data      Debug   Library Member Name

         8          0          0          0          0         68   __main.o
       104          0          0          0          0         84   __printf.o
         0          0          0          0          0          0   __rtentry.o
        20          0          0          0          0          0   __rtentry2.o
         6          0          0          0          0          0   __rtentry4.o
        52          8          0          0          0          0   __scatter.o
        26          0          0          0          0          0   __scatter_copy.o
        28          0          0          0          0          0   __scatter_zi.o
        44          0          0          0          0        108   _printf_char.o
        48          6          0          0          0         96   _printf_char_common.o
        64          6          0          0          0         84   _printf_char_file_locked.o
         0          0          0          0          0          0   _printf_percent.o
         4          0          0          0          0          0   _printf_percent_end.o
         6          0          0          0          0          0   _printf_s.o
        82          0          0          0          0         80   _printf_str.o
        16          0          0          0          0         68   aeabi_memset.o
        10          0          0          0          0         68   defsig_exit.o
        50          0          0          0          0         88   defsig_general.o
        80         58          0          0          0         76   defsig_rtmem_inner.o
        14          0          0          0          0         80   defsig_rtmem_outer.o
        52         38          0          0          0         76   defsig_rtred_inner.o
        14          0          0          0          0         80   defsig_rtred_outer.o
        18          0          0          0          0         80   exit.o
        76          0          0          0          0         88   fclose.o
       470          0          0          0          0         88   flsbuf.o
       324          8          0          0          0        152   fopen_locked.o
        26          0          0          0          0         68   fputc.o
       248          6          0          0          0         84   fseek.o
        66          0          0          0          0         76   ftell.o
       158          0          0          0          0        128   h1_alloc_mt.o
        62          0          0          0          0         80   h1_extend_mt.o
        10          0          0          0          0         76   h1_final_mt.o
       118          0          0          0          0        108   h1_free_mt.o
        18          0          0          0          0         84   h1_init_mt.o
         6          0          0          0          0        152   heapauxi.o
         4          0          0          0          0        136   hguard.o
         0          0          0          0          0          0   indicate_semi.o
       138          0          0          0          0        168   init_alloc.o
       456         48          0          0          0        116   initio_locked.o
         2          0          0          0          0          0   libinit.o
        14          0          0          0          0          0   libinit2.o
         2          0          0          0          0          0   libshutdown.o
        10          0          0          0          0          0   libshutdown2.o
         8          4          0          0         96         68   libspace.o
         0          0          0          0          0          0   maybetermalloc2.o
        24          4          0          0          0         84   noretval__2printf.o
         4          0          0          0          0         68   rt_errno_addr_twolibspace.o
        10          0          0          0          0         76   rt_heap_descriptor_twolibspace.o
        68          0          0          0          0         68   rt_memclr.o
        78          0          0          0          0         80   rt_memclr_w.o
       138          0          0          0          0         68   rt_memcpy_v6.o
       100          0          0          0          0         80   rt_memcpy_w.o
         2          0          0          0          0          0   rtexit.o
        10          0          0          0          0          0   rtexit2.o
       104          0          0          0          0         88   setvbuf_locked.o
       240          6          0          0          0        156   stdio.o
         0          0          0         12        252          0   stdio_streams.o
       128          0          0          0          0         68   strcmpv7m.o
         0          0          0          4          0          0   streamlock.o
        12          4          0          0          0         68   sys_exit.o
        74          0          0          0          0         80   sys_stackheap_outer.o
        14          0          0          0          0         76   sys_wrch.o
        16          0          0          0          0         80   term_alloc.o
         2          0          0          0          0         68   use_no_semi.o

    ----------------------------------------------------------------------
      4002        196          0         16        384       4016   Library Totals
        16          0          0          0         36          0   (incl. Padding)

    ----------------------------------------------------------------------

      Code (inc. data)   RO Data    RW Data    ZI Data      Debug   Library Name

      3986        196          0         16        348       4016   c_w.l

    ----------------------------------------------------------------------
      4002        196          0         16        384       4016   Library Totals

    ----------------------------------------------------------------------

==============================================================================


      Code (inc. data)   RO Data    RW Data    ZI Data      Debug   

     14904       1234        356        168      14656     229340   Grand Totals
     14904       1234        356        168      14656     229340   ELF Image Totals
     14904       1234        356        168          0          0   ROM Totals

==============================================================================

    Total RO  Size (Code + RO Data)                15260 (  14.90kB)
    Total RW  Size (RW Data + ZI Data)             14824 (  14.48kB)
    Total ROM Size (Code + RO Data + RW Data)      15428 (  15.07kB)

==============================================================================

