A51 MACRO ASSEMBLER  PROGRAM1                                                             07/31/2022 12:24:55 PAGE     1


MACRO ASSEMBLER A51 V8.2.7.0
OBJECT MODULE PLACED IN .\Objects\program1.obj
ASSEMBLER INVOKED BY: C:\Keil_v5\C51\BIN\A51.EXE program1.asm SET(SMALL) DEBUG PRINT(.\Listings\program1.lst) OBJECT(.\O
                      bjects\program1.obj) EP

LOC  OBJ            LINE     SOURCE

0000                   1     org 0000h
                       2     
0000 7455              3     MOV A, #55H;
                       4     
                       5     
0002 7888              6     MOV R0,#88H;
0004 E8                7     MOV A,R0;  //'MOV R(n),R(n)' is an invalid OPCode
                       8     
                       9     
0005 AF10             10     MOV R7,10H;
                      11     
                      12     
0007 7920             13     MOV R1,#20H;    // VALUE- 20H IS STORED IN REGISTER R1
0009 E7               14     MOV A,@R1;    // R1 HAS VALUE 20H, WHICH WILL BE USED AS ADDRESS LOCATION- D:0X0020. THE VA
                             LUE STORED AT THIS LOCATION WILL BE MOVED TO REGISTER- A.
                      15     
                      16     END
A51 MACRO ASSEMBLER  PROGRAM1                                                             07/31/2022 12:24:55 PAGE     2

SYMBOL TABLE LISTING
------ ----- -------


N A M E             T Y P E  V A L U E   ATTRIBUTES



REGISTER BANK(S) USED: 0 


ASSEMBLY COMPLETE.  0 WARNING(S), 0 ERROR(S)
