A51 MACRO ASSEMBLER  PROGRAM4                                                             08/24/2022 21:40:43 PAGE     1


MACRO ASSEMBLER A51 V8.2.7.0
OBJECT MODULE PLACED IN .\Objects\program4.obj
ASSEMBLER INVOKED BY: C:\Keil_v5\C51\BIN\A51.EXE program4.asm SET(SMALL) DEBUG PRINT(.\Listings\program4.lst) OBJECT(.\O
                      bjects\program4.obj) EP

LOC  OBJ            LINE     SOURCE

                       1     
                       2     
                       3     
0000                   4     org 0000h
0000 900100            5     MOV DPTR,#100H;
                       6     
0003 93                7     MOVC A,@A+DPTR;
0004 F8                8     MOV R0,A;
0005 A3                9     INC DPTR;
0006 E4               10     CLR A;
                      11     
0007 93               12     MOVC A,@A+DPTR;
0008 F2               13     MOVX @R0,A;
0009 A3               14     INC DPTR;
000A E4               15     CLR A;
                      16     
000B 93               17     MOVC A,@A+DPTR;
000C 08               18     INC R0;
000D F2               19     MOVX @R0,A;
000E A3               20     INC DPTR;
000F E4               21     CLR A;
                      22     
0010 93               23     MOVC A,@A+DPTR
0011 08               24     INC R0;
0012 F2               25     MOVX @R0,A;
                      26     
                      27     END
A51 MACRO ASSEMBLER  PROGRAM4                                                             08/24/2022 21:40:43 PAGE     2

SYMBOL TABLE LISTING
------ ----- -------


N A M E             T Y P E  V A L U E   ATTRIBUTES



REGISTER BANK(S) USED: 0 


ASSEMBLY COMPLETE.  0 WARNING(S), 0 ERROR(S)
